[    0.000000] kernel: microcode: microcode updated early to revision 0xdc, date = 2020-04-27
[    0.000000] kernel: Linux version 5.4.0-47-generic (buildd@lcy01-amd64-014) (gcc version 9.3.0 (Ubuntu 9.3.0-10ubuntu2)) #51-Ubuntu SMP Fri Sep 4 19:50:52 UTC 2020 (Ubuntu 5.4.0-47.51-generic 5.4.55)
[    0.000000] kernel: Command line: BOOT_IMAGE=/vmlinuz-5.4.0-47-generic root=UUID=5663b86c-9e76-4f2b-b0ec-4c99bd04a79c ro quiet splash vt.handoff=7
[    0.000000] kernel: KERNEL supported cpus:
[    0.000000] kernel:   Intel GenuineIntel
[    0.000000] kernel:   AMD AuthenticAMD
[    0.000000] kernel:   Hygon HygonGenuine
[    0.000000] kernel:   Centaur CentaurHauls
[    0.000000] kernel:   zhaoxin   Shanghai  
[    0.000000] kernel: x86/fpu: Supporting XSAVE feature 0x001: 'x87 floating point registers'
[    0.000000] kernel: x86/fpu: Supporting XSAVE feature 0x002: 'SSE registers'
[    0.000000] kernel: x86/fpu: Supporting XSAVE feature 0x004: 'AVX registers'
[    0.000000] kernel: x86/fpu: Supporting XSAVE feature 0x008: 'MPX bounds registers'
[    0.000000] kernel: x86/fpu: Supporting XSAVE feature 0x010: 'MPX CSR'
[    0.000000] kernel: x86/fpu: xstate_offset[2]:  576, xstate_sizes[2]:  256
[    0.000000] kernel: x86/fpu: xstate_offset[3]:  832, xstate_sizes[3]:   64
[    0.000000] kernel: x86/fpu: xstate_offset[4]:  896, xstate_sizes[4]:   64
[    0.000000] kernel: x86/fpu: Enabled xstate features 0x1f, context size is 960 bytes, using 'compacted' format.
[    0.000000] kernel: BIOS-provided physical RAM map:
[    0.000000] kernel: BIOS-e820: [mem 0x0000000000000000-0x0000000000057fff] usable
[    0.000000] kernel: BIOS-e820: [mem 0x0000000000058000-0x0000000000058fff] reserved
[    0.000000] kernel: BIOS-e820: [mem 0x0000000000059000-0x0000000000085fff] usable
[    0.000000] kernel: BIOS-e820: [mem 0x0000000000086000-0x00000000000fffff] reserved
[    0.000000] kernel: BIOS-e820: [mem 0x0000000000100000-0x0000000063fbbfff] usable
[    0.000000] kernel: BIOS-e820: [mem 0x0000000063fbc000-0x0000000063fbcfff] ACPI NVS
[    0.000000] kernel: BIOS-e820: [mem 0x0000000063fbd000-0x0000000063fe6fff] reserved
[    0.000000] kernel: BIOS-e820: [mem 0x0000000063fe7000-0x000000007a28dfff] usable
[    0.000000] kernel: BIOS-e820: [mem 0x000000007a28e000-0x000000007ac7dfff] reserved
[    0.000000] kernel: BIOS-e820: [mem 0x000000007ac7e000-0x000000007ae7dfff] ACPI NVS
[    0.000000] kernel: BIOS-e820: [mem 0x000000007ae7e000-0x000000007aefdfff] ACPI data
[    0.000000] kernel: BIOS-e820: [mem 0x000000007aefe000-0x000000007aefefff] usable
[    0.000000] kernel: BIOS-e820: [mem 0x000000007aeff000-0x000000007fffffff] reserved
[    0.000000] kernel: BIOS-e820: [mem 0x00000000e0000000-0x00000000efffffff] reserved
[    0.000000] kernel: BIOS-e820: [mem 0x00000000fd000000-0x00000000fe7fffff] reserved
[    0.000000] kernel: BIOS-e820: [mem 0x00000000feb00000-0x00000000feb03fff] reserved
[    0.000000] kernel: BIOS-e820: [mem 0x00000000fec00000-0x00000000fec00fff] reserved
[    0.000000] kernel: BIOS-e820: [mem 0x00000000fed00000-0x00000000fed00fff] reserved
[    0.000000] kernel: BIOS-e820: [mem 0x00000000fed10000-0x00000000fed19fff] reserved
[    0.000000] kernel: BIOS-e820: [mem 0x00000000fed84000-0x00000000fed84fff] reserved
[    0.000000] kernel: BIOS-e820: [mem 0x00000000fee00000-0x00000000fee00fff] reserved
[    0.000000] kernel: BIOS-e820: [mem 0x00000000ffa00000-0x00000000ffffffff] reserved
[    0.000000] kernel: BIOS-e820: [mem 0x0000000100000000-0x000000047effffff] usable
[    0.000000] kernel: NX (Execute Disable) protection: active
[    0.000000] kernel: e820: update [mem 0x625fe018-0x62617c57] usable ==> usable
[    0.000000] kernel: e820: update [mem 0x625fe018-0x62617c57] usable ==> usable
[    0.000000] kernel: e820: update [mem 0x625ed018-0x625fd057] usable ==> usable
[    0.000000] kernel: e820: update [mem 0x625ed018-0x625fd057] usable ==> usable
[    0.000000] kernel: extended physical RAM map:
[    0.000000] kernel: reserve setup_data: [mem 0x0000000000000000-0x0000000000057fff] usable
[    0.000000] kernel: reserve setup_data: [mem 0x0000000000058000-0x0000000000058fff] reserved
[    0.000000] kernel: reserve setup_data: [mem 0x0000000000059000-0x0000000000085fff] usable
[    0.000000] kernel: reserve setup_data: [mem 0x0000000000086000-0x00000000000fffff] reserved
[    0.000000] kernel: reserve setup_data: [mem 0x0000000000100000-0x00000000625ed017] usable
[    0.000000] kernel: reserve setup_data: [mem 0x00000000625ed018-0x00000000625fd057] usable
[    0.000000] kernel: reserve setup_data: [mem 0x00000000625fd058-0x00000000625fe017] usable
[    0.000000] kernel: reserve setup_data: [mem 0x00000000625fe018-0x0000000062617c57] usable
[    0.000000] kernel: reserve setup_data: [mem 0x0000000062617c58-0x0000000063fbbfff] usable
[    0.000000] kernel: reserve setup_data: [mem 0x0000000063fbc000-0x0000000063fbcfff] ACPI NVS
[    0.000000] kernel: reserve setup_data: [mem 0x0000000063fbd000-0x0000000063fe6fff] reserved
[    0.000000] kernel: reserve setup_data: [mem 0x0000000063fe7000-0x000000007a28dfff] usable
[    0.000000] kernel: reserve setup_data: [mem 0x000000007a28e000-0x000000007ac7dfff] reserved
[    0.000000] kernel: reserve setup_data: [mem 0x000000007ac7e000-0x000000007ae7dfff] ACPI NVS
[    0.000000] kernel: reserve setup_data: [mem 0x000000007ae7e000-0x000000007aefdfff] ACPI data
[    0.000000] kernel: reserve setup_data: [mem 0x000000007aefe000-0x000000007aefefff] usable
[    0.000000] kernel: reserve setup_data: [mem 0x000000007aeff000-0x000000007fffffff] reserved
[    0.000000] kernel: reserve setup_data: [mem 0x00000000e0000000-0x00000000efffffff] reserved
[    0.000000] kernel: reserve setup_data: [mem 0x00000000fd000000-0x00000000fe7fffff] reserved
[    0.000000] kernel: reserve setup_data: [mem 0x00000000feb00000-0x00000000feb03fff] reserved
[    0.000000] kernel: reserve setup_data: [mem 0x00000000fec00000-0x00000000fec00fff] reserved
[    0.000000] kernel: reserve setup_data: [mem 0x00000000fed00000-0x00000000fed00fff] reserved
[    0.000000] kernel: reserve setup_data: [mem 0x00000000fed10000-0x00000000fed19fff] reserved
[    0.000000] kernel: reserve setup_data: [mem 0x00000000fed84000-0x00000000fed84fff] reserved
[    0.000000] kernel: reserve setup_data: [mem 0x00000000fee00000-0x00000000fee00fff] reserved
[    0.000000] kernel: reserve setup_data: [mem 0x00000000ffa00000-0x00000000ffffffff] reserved
[    0.000000] kernel: reserve setup_data: [mem 0x0000000100000000-0x000000047effffff] usable
[    0.000000] kernel: efi: EFI v2.40 by INSYDE Corp.
[    0.000000] kernel: efi:  SMBIOS=0x7a4fb000  ESRT=0x7a4fe718  ACPI 2.0=0x7aefd014  PROP=0x629c3238  TPMEventLog=0x64088018 
[    0.000000] kernel: [Firmware Bug]: TPM Final Events table missing or invalid
[    0.000000] kernel: secureboot: Secure boot disabled
[    0.000000] kernel: SMBIOS 2.8 present.
[    0.000000] kernel: DMI: HP HP Pavilion Notebook/820D, BIOS F.26 12/28/2016
[    0.000000] kernel: tsc: Detected 2300.000 MHz processor
[    0.000874] kernel: tsc: Detected 2299.968 MHz TSC
[    0.000874] kernel: e820: update [mem 0x00000000-0x00000fff] usable ==> reserved
[    0.000876] kernel: e820: remove [mem 0x000a0000-0x000fffff] usable
[    0.000885] kernel: last_pfn = 0x47f000 max_arch_pfn = 0x400000000
[    0.000889] kernel: MTRR default type: uncachable
[    0.000890] kernel: MTRR fixed ranges enabled:
[    0.000891] kernel:   00000-9FFFF write-back
[    0.000892] kernel:   A0000-BFFFF uncachable
[    0.000893] kernel:   C0000-FFFFF write-protect
[    0.000894] kernel: MTRR variable ranges enabled:
[    0.000896] kernel:   0 base 0000000000 mask 7800000000 write-back
[    0.000897] kernel:   1 base 007AEFF000 mask 7FFFFFF000 uncachable
[    0.000898] kernel:   2 base 007AF00000 mask 7FFFF00000 uncachable
[    0.000899] kernel:   3 base 007B000000 mask 7FFF000000 uncachable
[    0.000900] kernel:   4 base 007C000000 mask 7FFC000000 uncachable
[    0.000901] kernel:   5 base 0080000000 mask 7F80000000 uncachable
[    0.000901] kernel:   6 disabled
[    0.000902] kernel:   7 disabled
[    0.000903] kernel:   8 disabled
[    0.000903] kernel:   9 disabled
[    0.001290] kernel: x86/PAT: Configuration [0-7]: WB  WC  UC- UC  WB  WP  UC- WT  
[    0.001457] kernel: total RAM covered: 30638M
[    0.001640] kernel:  gran_size: 64K         chunk_size: 64K         num_reg: 10          lose cover RAM: 29360380K
[    0.001642] kernel:  gran_size: 64K         chunk_size: 128K         num_reg: 10          lose cover RAM: 29360188K
[    0.001643] kernel:  gran_size: 64K         chunk_size: 256K         num_reg: 10          lose cover RAM: 29360188K
[    0.001644] kernel:  gran_size: 64K         chunk_size: 512K         num_reg: 10          lose cover RAM: 29360188K
[    0.001646] kernel:  gran_size: 64K         chunk_size: 1M         num_reg: 10          lose cover RAM: 29360188K
[    0.001647] kernel:  gran_size: 64K         chunk_size: 2M         num_reg: 10          lose cover RAM: 16777276K
[    0.001648] kernel:  gran_size: 64K         chunk_size: 4M         num_reg: 10          lose cover RAM: 16777276K
[    0.001649] kernel:  gran_size: 64K         chunk_size: 8M         num_reg: 10          lose cover RAM: 16777276K
[    0.001650] kernel:  gran_size: 64K         chunk_size: 16M         num_reg: 10          lose cover RAM: 16777276K
[    0.001651] kernel:  gran_size: 64K         chunk_size: 32M         num_reg: 10          lose cover RAM: 16777276K
[    0.001652] kernel:  gran_size: 64K         chunk_size: 64M         num_reg: 10          lose cover RAM: 16777276K
[    0.001653] kernel:  gran_size: 64K         chunk_size: 128M         num_reg: 8          lose cover RAM: 60K
[    0.001654] kernel:  gran_size: 64K         chunk_size: 256M         num_reg: 8          lose cover RAM: 60K
[    0.001655] kernel:  gran_size: 64K         chunk_size: 512M         num_reg: 8          lose cover RAM: 60K
[    0.001656] kernel:  gran_size: 64K         chunk_size: 1G         num_reg: 8          lose cover RAM: 60K
[    0.001657] kernel:  gran_size: 64K         chunk_size: 2G         num_reg: 8          lose cover RAM: 60K
[    0.001658] kernel:  gran_size: 128K         chunk_size: 128K         num_reg: 10          lose cover RAM: 29360380K
[    0.001659] kernel:  gran_size: 128K         chunk_size: 256K         num_reg: 10          lose cover RAM: 29360252K
[    0.001660] kernel:  gran_size: 128K         chunk_size: 512K         num_reg: 10          lose cover RAM: 29360252K
[    0.001661] kernel:  gran_size: 128K         chunk_size: 1M         num_reg: 10          lose cover RAM: 29360252K
[    0.001662] kernel:  gran_size: 128K         chunk_size: 2M         num_reg: 10          lose cover RAM: 16777340K
[    0.001663] kernel:  gran_size: 128K         chunk_size: 4M         num_reg: 10          lose cover RAM: 16777340K
[    0.001664] kernel:  gran_size: 128K         chunk_size: 8M         num_reg: 10          lose cover RAM: 16777340K
[    0.001665] kernel:  gran_size: 128K         chunk_size: 16M         num_reg: 10          lose cover RAM: 16777340K
[    0.001666] kernel:  gran_size: 128K         chunk_size: 32M         num_reg: 10          lose cover RAM: 16777340K
[    0.001667] kernel:  gran_size: 128K         chunk_size: 64M         num_reg: 10          lose cover RAM: 16777340K
[    0.001668] kernel:  gran_size: 128K         chunk_size: 128M         num_reg: 8          lose cover RAM: 124K
[    0.001669] kernel:  gran_size: 128K         chunk_size: 256M         num_reg: 8          lose cover RAM: 124K
[    0.001670] kernel:  gran_size: 128K         chunk_size: 512M         num_reg: 8          lose cover RAM: 124K
[    0.001671] kernel:  gran_size: 128K         chunk_size: 1G         num_reg: 8          lose cover RAM: 124K
[    0.001672] kernel:  gran_size: 128K         chunk_size: 2G         num_reg: 8          lose cover RAM: 124K
[    0.001673] kernel:  gran_size: 256K         chunk_size: 256K         num_reg: 10          lose cover RAM: 29360380K
[    0.001674] kernel:  gran_size: 256K         chunk_size: 512K         num_reg: 10          lose cover RAM: 29360380K
[    0.001675] kernel:  gran_size: 256K         chunk_size: 1M         num_reg: 10          lose cover RAM: 29360380K
[    0.001676] kernel:  gran_size: 256K         chunk_size: 2M         num_reg: 10          lose cover RAM: 16777468K
[    0.001677] kernel:  gran_size: 256K         chunk_size: 4M         num_reg: 10          lose cover RAM: 16777468K
[    0.001678] kernel:  gran_size: 256K         chunk_size: 8M         num_reg: 10          lose cover RAM: 16777468K
[    0.001679] kernel:  gran_size: 256K         chunk_size: 16M         num_reg: 10          lose cover RAM: 16777468K
[    0.001680] kernel:  gran_size: 256K         chunk_size: 32M         num_reg: 10          lose cover RAM: 16777468K
[    0.001681] kernel:  gran_size: 256K         chunk_size: 64M         num_reg: 10          lose cover RAM: 16777468K
[    0.001682] kernel:  gran_size: 256K         chunk_size: 128M         num_reg: 8          lose cover RAM: 252K
[    0.001683] kernel:  gran_size: 256K         chunk_size: 256M         num_reg: 8          lose cover RAM: 252K
[    0.001684] kernel:  gran_size: 256K         chunk_size: 512M         num_reg: 8          lose cover RAM: 252K
[    0.001685] kernel:  gran_size: 256K         chunk_size: 1G         num_reg: 8          lose cover RAM: 252K
[    0.001686] kernel:  gran_size: 256K         chunk_size: 2G         num_reg: 8          lose cover RAM: 252K
[    0.001687] kernel:  gran_size: 512K         chunk_size: 512K         num_reg: 10          lose cover RAM: 25166332K
[    0.001688] kernel:  gran_size: 512K         chunk_size: 1M         num_reg: 10          lose cover RAM: 29360636K
[    0.001689] kernel:  gran_size: 512K         chunk_size: 2M         num_reg: 10          lose cover RAM: 16777724K
[    0.001690] kernel:  gran_size: 512K         chunk_size: 4M         num_reg: 10          lose cover RAM: 16777724K
[    0.001691] kernel:  gran_size: 512K         chunk_size: 8M         num_reg: 10          lose cover RAM: 16777724K
[    0.001692] kernel:  gran_size: 512K         chunk_size: 16M         num_reg: 10          lose cover RAM: 16777724K
[    0.001693] kernel:  gran_size: 512K         chunk_size: 32M         num_reg: 10          lose cover RAM: 16777724K
[    0.001694] kernel:  gran_size: 512K         chunk_size: 64M         num_reg: 10          lose cover RAM: 16777724K
[    0.001695] kernel:  gran_size: 512K         chunk_size: 128M         num_reg: 8          lose cover RAM: 508K
[    0.001697] kernel:  gran_size: 512K         chunk_size: 256M         num_reg: 8          lose cover RAM: 508K
[    0.001698] kernel:  gran_size: 512K         chunk_size: 512M         num_reg: 8          lose cover RAM: 508K
[    0.001699] kernel:  gran_size: 512K         chunk_size: 1G         num_reg: 8          lose cover RAM: 508K
[    0.001700] kernel:  gran_size: 512K         chunk_size: 2G         num_reg: 8          lose cover RAM: 508K
[    0.001701] kernel:  gran_size: 1M         chunk_size: 1M         num_reg: 10          lose cover RAM: 16778236K
[    0.001702] kernel:  gran_size: 1M         chunk_size: 2M         num_reg: 10          lose cover RAM: 16778236K
[    0.001703] kernel:  gran_size: 1M         chunk_size: 4M         num_reg: 10          lose cover RAM: 1020K
[    0.001704] kernel:  gran_size: 1M         chunk_size: 8M         num_reg: 10          lose cover RAM: 1020K
[    0.001705] kernel:  gran_size: 1M         chunk_size: 16M         num_reg: 10          lose cover RAM: 1020K
[    0.001706] kernel:  gran_size: 1M         chunk_size: 32M         num_reg: 10          lose cover RAM: 1020K
[    0.001707] kernel:  gran_size: 1M         chunk_size: 64M         num_reg: 10          lose cover RAM: 1020K
[    0.001708] kernel:  gran_size: 1M         chunk_size: 128M         num_reg: 7          lose cover RAM: 1020K
[    0.001709] kernel:  gran_size: 1M         chunk_size: 256M         num_reg: 7          lose cover RAM: 1020K
[    0.001710] kernel:  gran_size: 1M         chunk_size: 512M         num_reg: 7          lose cover RAM: 1020K
[    0.001711] kernel:  gran_size: 1M         chunk_size: 1G         num_reg: 7          lose cover RAM: 1020K
[    0.001712] kernel:  gran_size: 1M         chunk_size: 2G         num_reg: 7          lose cover RAM: 1020K
[    0.001713] kernel:  gran_size: 2M         chunk_size: 2M         num_reg: 10          lose cover RAM: 16778236K
[    0.001714] kernel:  gran_size: 2M         chunk_size: 4M         num_reg: 10          lose cover RAM: 1020K
[    0.001715] kernel:  gran_size: 2M         chunk_size: 8M         num_reg: 10          lose cover RAM: 1020K
[    0.001716] kernel:  gran_size: 2M         chunk_size: 16M         num_reg: 10          lose cover RAM: 1020K
[    0.001717] kernel:  gran_size: 2M         chunk_size: 32M         num_reg: 10          lose cover RAM: 1020K
[    0.001718] kernel:  gran_size: 2M         chunk_size: 64M         num_reg: 10          lose cover RAM: 1020K
[    0.001719] kernel:  gran_size: 2M         chunk_size: 128M         num_reg: 7          lose cover RAM: 1020K
[    0.001720] kernel:  gran_size: 2M         chunk_size: 256M         num_reg: 7          lose cover RAM: 1020K
[    0.001721] kernel:  gran_size: 2M         chunk_size: 512M         num_reg: 7          lose cover RAM: 1020K
[    0.001722] kernel:  gran_size: 2M         chunk_size: 1G         num_reg: 7          lose cover RAM: 1020K
[    0.001723] kernel:  gran_size: 2M         chunk_size: 2G         num_reg: 7          lose cover RAM: 1020K
[    0.001724] kernel:  gran_size: 4M         chunk_size: 4M         num_reg: 10          lose cover RAM: 3068K
[    0.001725] kernel:  gran_size: 4M         chunk_size: 8M         num_reg: 10          lose cover RAM: 3068K
[    0.001726] kernel:  gran_size: 4M         chunk_size: 16M         num_reg: 10          lose cover RAM: 3068K
[    0.001727] kernel:  gran_size: 4M         chunk_size: 32M         num_reg: 10          lose cover RAM: 3068K
[    0.001728] kernel:  gran_size: 4M         chunk_size: 64M         num_reg: 10          lose cover RAM: 3068K
[    0.001729] kernel:  gran_size: 4M         chunk_size: 128M         num_reg: 7          lose cover RAM: 3068K
[    0.001730] kernel:  gran_size: 4M         chunk_size: 256M         num_reg: 7          lose cover RAM: 3068K
[    0.001730] kernel:  gran_size: 4M         chunk_size: 512M         num_reg: 7          lose cover RAM: 3068K
[    0.001731] kernel:  gran_size: 4M         chunk_size: 1G         num_reg: 7          lose cover RAM: 3068K
[    0.001732] kernel:  gran_size: 4M         chunk_size: 2G         num_reg: 7          lose cover RAM: 3068K
[    0.001733] kernel:  gran_size: 8M         chunk_size: 8M         num_reg: 9          lose cover RAM: 7164K
[    0.001734] kernel:  gran_size: 8M         chunk_size: 16M         num_reg: 10          lose cover RAM: 7164K
[    0.001735] kernel:  gran_size: 8M         chunk_size: 32M         num_reg: 10          lose cover RAM: 7164K
[    0.001736] kernel:  gran_size: 8M         chunk_size: 64M         num_reg: 10          lose cover RAM: 7164K
[    0.001737] kernel:  gran_size: 8M         chunk_size: 128M         num_reg: 7          lose cover RAM: 7164K
[    0.001738] kernel:  gran_size: 8M         chunk_size: 256M         num_reg: 7          lose cover RAM: 7164K
[    0.001739] kernel:  gran_size: 8M         chunk_size: 512M         num_reg: 7          lose cover RAM: 7164K
[    0.001740] kernel:  gran_size: 8M         chunk_size: 1G         num_reg: 7          lose cover RAM: 7164K
[    0.001741] kernel:  gran_size: 8M         chunk_size: 2G         num_reg: 7          lose cover RAM: 7164K
[    0.001742] kernel:  gran_size: 16M         chunk_size: 16M         num_reg: 8          lose cover RAM: 15356K
[    0.001743] kernel:  gran_size: 16M         chunk_size: 32M         num_reg: 8          lose cover RAM: 15356K
[    0.001744] kernel:  gran_size: 16M         chunk_size: 64M         num_reg: 9          lose cover RAM: 15356K
[    0.001745] kernel:  gran_size: 16M         chunk_size: 128M         num_reg: 6          lose cover RAM: 15356K
[    0.001746] kernel:  gran_size: 16M         chunk_size: 256M         num_reg: 6          lose cover RAM: 15356K
[    0.001747] kernel:  gran_size: 16M         chunk_size: 512M         num_reg: 6          lose cover RAM: 15356K
[    0.001748] kernel:  gran_size: 16M         chunk_size: 1G         num_reg: 6          lose cover RAM: 15356K
[    0.001749] kernel:  gran_size: 16M         chunk_size: 2G         num_reg: 6          lose cover RAM: 15356K
[    0.001750] kernel:  gran_size: 32M         chunk_size: 32M         num_reg: 8          lose cover RAM: 15356K
[    0.001751] kernel:  gran_size: 32M         chunk_size: 64M         num_reg: 9          lose cover RAM: 15356K
[    0.001752] kernel:  gran_size: 32M         chunk_size: 128M         num_reg: 6          lose cover RAM: 15356K
[    0.001753] kernel:  gran_size: 32M         chunk_size: 256M         num_reg: 6          lose cover RAM: 15356K
[    0.001754] kernel:  gran_size: 32M         chunk_size: 512M         num_reg: 6          lose cover RAM: 15356K
[    0.001755] kernel:  gran_size: 32M         chunk_size: 1G         num_reg: 6          lose cover RAM: 15356K
[    0.001756] kernel:  gran_size: 32M         chunk_size: 2G         num_reg: 6          lose cover RAM: 15356K
[    0.001757] kernel:  gran_size: 64M         chunk_size: 64M         num_reg: 7          lose cover RAM: 48124K
[    0.001758] kernel:  gran_size: 64M         chunk_size: 128M         num_reg: 7          lose cover RAM: 48124K
[    0.001759] kernel:  gran_size: 64M         chunk_size: 256M         num_reg: 5          lose cover RAM: 48124K
[    0.001760] kernel:  gran_size: 64M         chunk_size: 512M         num_reg: 5          lose cover RAM: 48124K
[    0.001761] kernel:  gran_size: 64M         chunk_size: 1G         num_reg: 5          lose cover RAM: 48124K
[    0.001762] kernel:  gran_size: 64M         chunk_size: 2G         num_reg: 5          lose cover RAM: 48124K
[    0.001763] kernel:  gran_size: 128M         chunk_size: 128M         num_reg: 7          lose cover RAM: 48124K
[    0.001764] kernel:  gran_size: 128M         chunk_size: 256M         num_reg: 5          lose cover RAM: 48124K
[    0.001765] kernel:  gran_size: 128M         chunk_size: 512M         num_reg: 5          lose cover RAM: 48124K
[    0.001766] kernel:  gran_size: 128M         chunk_size: 1G         num_reg: 5          lose cover RAM: 48124K
[    0.001767] kernel:  gran_size: 128M         chunk_size: 2G         num_reg: 5          lose cover RAM: 48124K
[    0.001768] kernel:  gran_size: 256M         chunk_size: 256M         num_reg: 6          lose cover RAM: 179196K
[    0.001769] kernel:  gran_size: 256M         chunk_size: 512M         num_reg: 5          lose cover RAM: 179196K
[    0.001770] kernel:  gran_size: 256M         chunk_size: 1G         num_reg: 5          lose cover RAM: 179196K
[    0.001771] kernel:  gran_size: 256M         chunk_size: 2G         num_reg: 5          lose cover RAM: 179196K
[    0.001772] kernel:  gran_size: 512M         chunk_size: 512M         num_reg: 5          lose cover RAM: 441340K
[    0.001773] kernel:  gran_size: 512M         chunk_size: 1G         num_reg: 5          lose cover RAM: 441340K
[    0.001774] kernel:  gran_size: 512M         chunk_size: 2G         num_reg: 5          lose cover RAM: 441340K
[    0.001775] kernel:  gran_size: 1G         chunk_size: 1G         num_reg: 4          lose cover RAM: 965628K
[    0.001776] kernel:  gran_size: 1G         chunk_size: 2G         num_reg: 4          lose cover RAM: 965628K
[    0.001777] kernel:  gran_size: 2G         chunk_size: 2G         num_reg: 3          lose cover RAM: 2014204K
[    0.001778] kernel: mtrr_cleanup: can not find optimal value
[    0.001779] kernel: please specify mtrr_gran_size/mtrr_chunk_size
[    0.001783] kernel: e820: update [mem 0x7aeff000-0xffffffff] usable ==> reserved
[    0.001789] kernel: last_pfn = 0x7aeff max_arch_pfn = 0x400000000
[    0.012169] kernel: esrt: Reserving ESRT space from 0x000000007a4fe718 to 0x000000007a4fe750.
[    0.012178] kernel: check: Scanning 1 areas for low memory corruption
[    0.012183] kernel: Using GB pages for direct mapping
[    0.012661] kernel: secureboot: Secure boot disabled
[    0.012662] kernel: RAMDISK: [mem 0x3aeaa000-0x3fffdfff]
[    0.012671] kernel: ACPI: Early table checksum verification disabled
[    0.012675] kernel: ACPI: RSDP 0x000000007AEFD014 000024 (v02 HPQOEM)
[    0.012679] kernel: ACPI: XSDT 0x000000007AEDA188 000104 (v01 HPQOEM SLIC-MPC 00000000 HP   01000013)
[    0.012685] kernel: ACPI: FACP 0x000000007AEDF000 0000F4 (v05 HPQOEM SLIC-MPC 00000000 HP   00040000)
[    0.012691] kernel: ACPI: DSDT 0x000000007AEBC000 01D086 (v02 HPQOEM 820D     00000000 ACPI 00040000)
[    0.012694] kernel: ACPI: FACS 0x000000007AE69000 000040
[    0.012697] kernel: ACPI: TCPA 0x000000007AEFC000 000032 (v02 HPQOEM 820D     00000000 HP   00040000)
[    0.012701] kernel: ACPI: UEFI 0x000000007AEFB000 000236 (v01 HPQOEM 820D     00000001 HP   00040000)
[    0.012704] kernel: ACPI: UEFI 0x000000007AEFA000 000042 (v01 HPQOEM 820D     00000002 HP   00040000)
[    0.012707] kernel: ACPI: SSDT 0x000000007AEF9000 0004B7 (v02 HPQOEM 820D     00001000 ACPI 00040000)
[    0.012710] kernel: ACPI: SSDT 0x000000007AEF8000 00004B (v02 HPQOEM 820D     00003000 ACPI 00040000)
[    0.012713] kernel: ACPI: TPM2 0x000000007AEF7000 000034 (v03 HPQOEM 820D     00000000 HP   00040000)
[    0.012716] kernel: ACPI: SSDT 0x000000007AEF0000 006E92 (v01 HPQOEM 820D     00001000 ACPI 00040000)
[    0.012719] kernel: ACPI: MSDM 0x000000007AEEF000 000055 (v03 HPQOEM SLIC-MPC 00000001 HP   00040000)
[    0.012723] kernel: ACPI: SSDT 0x000000007AEEA000 004E60 (v02 HPQOEM 820D     00003000 ACPI 00040000)
[    0.012726] kernel: ACPI: SSDT 0x000000007AEE6000 003585 (v02 HPQOEM 820D     00001000 ACPI 00040000)
[    0.012729] kernel: ACPI: DBGP 0x000000007AEE5000 000034 (v01 HPQOEM 820D     00000001 HP   00040000)
[    0.012732] kernel: ACPI: DBG2 0x000000007AEE4000 000054 (v00 HPQOEM 820D     00000000 HP   00040000)
[    0.012735] kernel: ACPI: ASF! 0x000000007AEE3000 0000A5 (v32 HPQOEM 820D     00000001 HP   00040000)
[    0.012738] kernel: ACPI: ASPT 0x000000007AEE2000 000034 (v07 HPQOEM 820D     00000001 HP   00040000)
[    0.012741] kernel: ACPI: BOOT 0x000000007AEE1000 000028 (v01 HPQOEM 820D     00000001 HP   00040000)
[    0.012744] kernel: ACPI: DBGP 0x000000007AEE0000 000034 (v01 HPQOEM 820D     00000001 HP   00040000)
[    0.012747] kernel: ACPI: HPET 0x000000007AEDE000 000038 (v01 HPQOEM 820D     00000001 HP   00040000)
[    0.012750] kernel: ACPI: LPIT 0x000000007AEDD000 000094 (v01 HPQOEM 820D     00000000 HP   00040000)
[    0.012753] kernel: ACPI: APIC 0x000000007AEDC000 0000BC (v03 HPQOEM 820D     00000001 HP   00040000)
[    0.012757] kernel: ACPI: MCFG 0x000000007AEDB000 00003C (v01 HPQOEM 820D     00000001 HP   00040000)
[    0.012760] kernel: ACPI: SSDT 0x000000007AEBB000 0002D4 (v01 HPQOEM 820D     00000000 ACPI 00040000)
[    0.012763] kernel: ACPI: SSDT 0x000000007AEB8000 002BAE (v02 HPQOEM 820D     00001000 ACPI 00040000)
[    0.012766] kernel: ACPI: SSDT 0x000000007AEB7000 000E73 (v02 HPQOEM 820D     00003000 ACPI 00040000)
[    0.012769] kernel: ACPI: SSDT 0x000000007AEB2000 004396 (v01 HPQOEM 820D     00001000 ACPI 00040000)
[    0.012772] kernel: ACPI: DMAR 0x000000007AEB1000 0000A8 (v01 HPQOEM 820D     00000001 HP   00040000)
[    0.012776] kernel: ACPI: FPDT 0x000000007AEB0000 000044 (v01 HPQOEM SLIC-MPC 00000002 HP   00040000)
[    0.012779] kernel: ACPI: BGRT 0x000000007AEAF000 000038 (v01 HPQOEM 820D     00000001 HP   00040000)
[    0.012788] kernel: ACPI: Local APIC address 0xfee00000
[    0.013171] kernel: No NUMA configuration found
[    0.013172] kernel: Faking a node at [mem 0x0000000000000000-0x000000047effffff]
[    0.013186] kernel: NODE_DATA(0) allocated [mem 0x47efd5000-0x47effffff]
[    0.013467] kernel: Zone ranges:
[    0.013468] kernel:   DMA      [mem 0x0000000000001000-0x0000000000ffffff]
[    0.013470] kernel:   DMA32    [mem 0x0000000001000000-0x00000000ffffffff]
[    0.013471] kernel:   Normal   [mem 0x0000000100000000-0x000000047effffff]
[    0.013472] kernel:   Device   empty
[    0.013473] kernel: Movable zone start for each node
[    0.013477] kernel: Early memory node ranges
[    0.013478] kernel:   node   0: [mem 0x0000000000001000-0x0000000000057fff]
[    0.013479] kernel:   node   0: [mem 0x0000000000059000-0x0000000000085fff]
[    0.013480] kernel:   node   0: [mem 0x0000000000100000-0x0000000063fbbfff]
[    0.013481] kernel:   node   0: [mem 0x0000000063fe7000-0x000000007a28dfff]
[    0.013481] kernel:   node   0: [mem 0x000000007aefe000-0x000000007aefefff]
[    0.013482] kernel:   node   0: [mem 0x0000000100000000-0x000000047effffff]
[    0.013781] kernel: Zeroed struct page in unavailable ranges: 28184 pages
[    0.013783] kernel: Initmem setup node 0 [mem 0x0000000000001000-0x000000047effffff]
[    0.013784] kernel: On node 0 totalpages: 4166120
[    0.013786] kernel:   DMA zone: 64 pages used for memmap
[    0.013786] kernel:   DMA zone: 21 pages reserved
[    0.013787] kernel:   DMA zone: 3972 pages, LIFO batch:0
[    0.013845] kernel:   DMA32 zone: 7754 pages used for memmap
[    0.013846] kernel:   DMA32 zone: 496228 pages, LIFO batch:63
[    0.023917] kernel:   Normal zone: 57280 pages used for memmap
[    0.023918] kernel:   Normal zone: 3665920 pages, LIFO batch:63
[    0.074169] kernel: Reserving Intel graphics memory at [mem 0x7c000000-0x7fffffff]
[    0.074305] kernel: ACPI: PM-Timer IO Port: 0x1808
[    0.074306] kernel: ACPI: Local APIC address 0xfee00000
[    0.074314] kernel: ACPI: LAPIC_NMI (acpi_id[0x01] high edge lint[0x1])
[    0.074314] kernel: ACPI: LAPIC_NMI (acpi_id[0x02] high edge lint[0x1])
[    0.074315] kernel: ACPI: LAPIC_NMI (acpi_id[0x03] high edge lint[0x1])
[    0.074316] kernel: ACPI: LAPIC_NMI (acpi_id[0x04] high edge lint[0x1])
[    0.074316] kernel: ACPI: LAPIC_NMI (acpi_id[0x05] high edge lint[0x1])
[    0.074317] kernel: ACPI: LAPIC_NMI (acpi_id[0x06] high edge lint[0x1])
[    0.074318] kernel: ACPI: LAPIC_NMI (acpi_id[0x07] high edge lint[0x1])
[    0.074318] kernel: ACPI: LAPIC_NMI (acpi_id[0x08] high edge lint[0x1])
[    0.074346] kernel: IOAPIC[0]: apic_id 2, version 32, address 0xfec00000, GSI 0-119
[    0.074349] kernel: ACPI: INT_SRC_OVR (bus 0 bus_irq 0 global_irq 2 dfl dfl)
[    0.074350] kernel: ACPI: INT_SRC_OVR (bus 0 bus_irq 9 global_irq 9 high level)
[    0.074352] kernel: ACPI: IRQ0 used by override.
[    0.074353] kernel: ACPI: IRQ9 used by override.
[    0.074355] kernel: Using ACPI (MADT) for SMP configuration information
[    0.074357] kernel: ACPI: HPET id: 0x8086a201 base: 0xfed00000
[    0.074363] kernel: e820: update [mem 0x6aa8b000-0x6aa9efff] usable ==> reserved
[    0.074374] kernel: TSC deadline timer available
[    0.074375] kernel: smpboot: Allowing 4 CPUs, 0 hotplug CPUs
[    0.074400] kernel: PM: Registered nosave memory: [mem 0x00000000-0x00000fff]
[    0.074402] kernel: PM: Registered nosave memory: [mem 0x00058000-0x00058fff]
[    0.074404] kernel: PM: Registered nosave memory: [mem 0x00086000-0x000fffff]
[    0.074406] kernel: PM: Registered nosave memory: [mem 0x625ed000-0x625edfff]
[    0.074407] kernel: PM: Registered nosave memory: [mem 0x625fd000-0x625fdfff]
[    0.074408] kernel: PM: Registered nosave memory: [mem 0x625fe000-0x625fefff]
[    0.074410] kernel: PM: Registered nosave memory: [mem 0x62617000-0x62617fff]
[    0.074412] kernel: PM: Registered nosave memory: [mem 0x63fbc000-0x63fbcfff]
[    0.074412] kernel: PM: Registered nosave memory: [mem 0x63fbd000-0x63fe6fff]
[    0.074414] kernel: PM: Registered nosave memory: [mem 0x6aa8b000-0x6aa9efff]
[    0.074416] kernel: PM: Registered nosave memory: [mem 0x7a28e000-0x7ac7dfff]
[    0.074417] kernel: PM: Registered nosave memory: [mem 0x7ac7e000-0x7ae7dfff]
[    0.074417] kernel: PM: Registered nosave memory: [mem 0x7ae7e000-0x7aefdfff]
[    0.074419] kernel: PM: Registered nosave memory: [mem 0x7aeff000-0x7fffffff]
[    0.074420] kernel: PM: Registered nosave memory: [mem 0x80000000-0xdfffffff]
[    0.074421] kernel: PM: Registered nosave memory: [mem 0xe0000000-0xefffffff]
[    0.074421] kernel: PM: Registered nosave memory: [mem 0xf0000000-0xfcffffff]
[    0.074422] kernel: PM: Registered nosave memory: [mem 0xfd000000-0xfe7fffff]
[    0.074422] kernel: PM: Registered nosave memory: [mem 0xfe800000-0xfeafffff]
[    0.074423] kernel: PM: Registered nosave memory: [mem 0xfeb00000-0xfeb03fff]
[    0.074424] kernel: PM: Registered nosave memory: [mem 0xfeb04000-0xfebfffff]
[    0.074424] kernel: PM: Registered nosave memory: [mem 0xfec00000-0xfec00fff]
[    0.074425] kernel: PM: Registered nosave memory: [mem 0xfec01000-0xfecfffff]
[    0.074425] kernel: PM: Registered nosave memory: [mem 0xfed00000-0xfed00fff]
[    0.074426] kernel: PM: Registered nosave memory: [mem 0xfed01000-0xfed0ffff]
[    0.074427] kernel: PM: Registered nosave memory: [mem 0xfed10000-0xfed19fff]
[    0.074427] kernel: PM: Registered nosave memory: [mem 0xfed1a000-0xfed83fff]
[    0.074428] kernel: PM: Registered nosave memory: [mem 0xfed84000-0xfed84fff]
[    0.074428] kernel: PM: Registered nosave memory: [mem 0xfed85000-0xfedfffff]
[    0.074429] kernel: PM: Registered nosave memory: [mem 0xfee00000-0xfee00fff]
[    0.074430] kernel: PM: Registered nosave memory: [mem 0xfee01000-0xff9fffff]
[    0.074430] kernel: PM: Registered nosave memory: [mem 0xffa00000-0xffffffff]
[    0.074432] kernel: [mem 0x80000000-0xdfffffff] available for PCI devices
[    0.074433] kernel: Booting paravirtualized kernel on bare hardware
[    0.074436] kernel: clocksource: refined-jiffies: mask: 0xffffffff max_cycles: 0xffffffff, max_idle_ns: 7645519600211568 ns
[    0.074443] kernel: setup_percpu: NR_CPUS:8192 nr_cpumask_bits:4 nr_cpu_ids:4 nr_node_ids:1
[    0.074608] kernel: percpu: Embedded 54 pages/cpu s184320 r8192 d28672 u524288
[    0.074616] kernel: pcpu-alloc: s184320 r8192 d28672 u524288 alloc=1*2097152
[    0.074617] kernel: pcpu-alloc: [0] 0 1 2 3 
[    0.074649] kernel: Built 1 zonelists, mobility grouping on.  Total pages: 4101001
[    0.074650] kernel: Policy zone: Normal
[    0.074651] kernel: Kernel command line: BOOT_IMAGE=/vmlinuz-5.4.0-47-generic root=UUID=5663b86c-9e76-4f2b-b0ec-4c99bd04a79c ro quiet splash vt.handoff=7
[    0.075710] kernel: Dentry cache hash table entries: 2097152 (order: 12, 16777216 bytes, linear)
[    0.076183] kernel: Inode-cache hash table entries: 1048576 (order: 11, 8388608 bytes, linear)
[    0.076238] kernel: mem auto-init: stack:off, heap alloc:on, heap free:off
[    0.080099] kernel: Calgary: detecting Calgary via BIOS EBDA area
[    0.080101] kernel: Calgary: Unable to locate Rio Grande table in EBDA - bailing!
[    0.114584] kernel: Memory: 16139776K/16664480K available (14339K kernel code, 2398K rwdata, 4956K rodata, 2716K init, 4988K bss, 524704K reserved, 0K cma-reserved)
[    0.114590] kernel: random: get_random_u64 called from kmem_cache_open+0x2d/0x410 with crng_init=0
[    0.114743] kernel: SLUB: HWalign=64, Order=0-3, MinObjects=0, CPUs=4, Nodes=1
[    0.114759] kernel: Kernel/User page tables isolation: enabled
[    0.114774] kernel: ftrace: allocating 44505 entries in 174 pages
[    0.136010] kernel: rcu: Hierarchical RCU implementation.
[    0.136011] kernel: rcu:         RCU restricting CPUs from NR_CPUS=8192 to nr_cpu_ids=4.
[    0.136012] kernel:         Tasks RCU enabled.
[    0.136013] kernel: rcu: RCU calculated value of scheduler-enlistment delay is 25 jiffies.
[    0.136014] kernel: rcu: Adjusting geometry for rcu_fanout_leaf=16, nr_cpu_ids=4
[    0.139577] kernel: NR_IRQS: 524544, nr_irqs: 1024, preallocated irqs: 16
[    0.140106] kernel: random: crng done (trusting CPU's manufacturer)
[    0.140128] kernel: vt handoff: transparent VT on vt#7
[    0.140136] kernel: Console: colour dummy device 80x25
[    0.140142] kernel: printk: console [tty0] enabled
[    0.140172] kernel: ACPI: Core revision 20190816
[    0.140559] kernel: clocksource: hpet: mask: 0xffffffff max_cycles: 0xffffffff, max_idle_ns: 79635855245 ns
[    0.140633] kernel: APIC: Switch to symmetric I/O mode setup
[    0.140635] kernel: DMAR: Host address width 39
[    0.140636] kernel: DMAR: DRHD base: 0x000000fed90000 flags: 0x0
[    0.140641] kernel: DMAR: dmar0: reg_base_addr fed90000 ver 1:0 cap 1c0000c40660462 ecap 7e3ff0505e
[    0.140642] kernel: DMAR: DRHD base: 0x000000fed91000 flags: 0x1
[    0.140646] kernel: DMAR: dmar1: reg_base_addr fed91000 ver 1:0 cap d2008c40660462 ecap f050da
[    0.140647] kernel: DMAR: RMRR base: 0x0000007aba9000 end: 0x0000007abc8fff
[    0.140648] kernel: DMAR: RMRR base: 0x0000007b800000 end: 0x0000007fffffff
[    0.140650] kernel: DMAR-IR: IOAPIC id 2 under DRHD base  0xfed91000 IOMMU 1
[    0.140651] kernel: DMAR-IR: HPET id 0 under DRHD base 0xfed91000
[    0.140652] kernel: DMAR-IR: x2apic is disabled because BIOS sets x2apic opt out bit.
[    0.140652] kernel: DMAR-IR: Use 'intremap=no_x2apic_optout' to override the BIOS setting.
[    0.142195] kernel: DMAR-IR: Enabled IRQ remapping in xapic mode
[    0.142195] kernel: x2apic: IRQ remapping doesn't support X2APIC mode
[    0.146385] kernel: ..TIMER: vector=0x30 apic1=0 pin1=2 apic2=-1 pin2=-1
[    0.164641] kernel: clocksource: tsc-early: mask: 0xffffffffffffffff max_cycles: 0x212717146a7, max_idle_ns: 440795291431 ns
[    0.164645] kernel: Calibrating delay loop (skipped), value calculated using timer frequency.. 4599.93 BogoMIPS (lpj=9199872)
[    0.164648] kernel: pid_max: default: 32768 minimum: 301
[    0.167956] kernel: LSM: Security Framework initializing
[    0.167970] kernel: Yama: becoming mindful.
[    0.167999] kernel: AppArmor: AppArmor initialized
[    0.168062] kernel: Mount-cache hash table entries: 32768 (order: 6, 262144 bytes, linear)
[    0.168088] kernel: Mountpoint-cache hash table entries: 32768 (order: 6, 262144 bytes, linear)
[    0.168113] kernel: *** VALIDATE tmpfs ***
[    0.168281] kernel: *** VALIDATE proc ***
[    0.168333] kernel: *** VALIDATE cgroup1 ***
[    0.168335] kernel: *** VALIDATE cgroup2 ***
[    0.168407] kernel: mce: CPU0: Thermal monitoring enabled (TM1)
[    0.168432] kernel: process: using mwait in idle threads
[    0.168435] kernel: Last level iTLB entries: 4KB 128, 2MB 8, 4MB 8
[    0.168436] kernel: Last level dTLB entries: 4KB 64, 2MB 0, 4MB 0, 1GB 4
[    0.168440] kernel: Spectre V1 : Mitigation: usercopy/swapgs barriers and __user pointer sanitization
[    0.168441] kernel: Spectre V2 : Mitigation: Full generic retpoline
[    0.168442] kernel: Spectre V2 : Spectre v2 / SpectreRSB mitigation: Filling RSB on context switch
[    0.168442] kernel: Spectre V2 : Enabling Restricted Speculation for firmware calls
[    0.168444] kernel: Spectre V2 : mitigation: Enabling conditional Indirect Branch Prediction Barrier
[    0.168445] kernel: Speculative Store Bypass: Mitigation: Speculative Store Bypass disabled via prctl and seccomp
[    0.168449] kernel: TAA: Mitigation: Clear CPU buffers
[    0.168452] kernel: SRBDS: Mitigation: Microcode
[    0.168452] kernel: MDS: Mitigation: Clear CPU buffers
[    0.168769] kernel: Freeing SMP alternatives memory: 40K
[    0.172751] kernel: smpboot: CPU0: Intel(R) Core(TM) i5-6300HQ CPU @ 2.30GHz (family: 0x6, model: 0x5e, stepping: 0x3)
[    0.172913] kernel: Performance Events: PEBS fmt3+, Skylake events, 32-deep LBR, full-width counters, Intel PMU driver.
[    0.172919] kernel: ... version:                4
[    0.172920] kernel: ... bit width:              48
[    0.172921] kernel: ... generic registers:      8
[    0.172922] kernel: ... value mask:             0000ffffffffffff
[    0.172922] kernel: ... max period:             00007fffffffffff
[    0.172923] kernel: ... fixed-purpose events:   3
[    0.172923] kernel: ... event mask:             00000007000000ff
[    0.172969] kernel: rcu: Hierarchical SRCU implementation.
[    0.173998] kernel: NMI watchdog: Enabled. Permanently consumes one hw-PMU counter.
[    0.174061] kernel: smp: Bringing up secondary CPUs ...
[    0.174159] kernel: x86: Booting SMP configuration:
[    0.174160] kernel: .... node  #0, CPUs:      #1 #2 #3
[    0.182978] kernel: smp: Brought up 1 node, 4 CPUs
[    0.182978] kernel: smpboot: Max logical packages: 1
[    0.182978] kernel: smpboot: Total of 4 processors activated (18399.74 BogoMIPS)
[    0.184648] kernel: devtmpfs: initialized
[    0.184689] kernel: x86/mm: Memory block size: 128MB
[    0.186568] kernel: PM: Registering ACPI NVS region [mem 0x63fbc000-0x63fbcfff] (4096 bytes)
[    0.186568] kernel: PM: Registering ACPI NVS region [mem 0x7ac7e000-0x7ae7dfff] (2097152 bytes)
[    0.186568] kernel: clocksource: jiffies: mask: 0xffffffff max_cycles: 0xffffffff, max_idle_ns: 7645041785100000 ns
[    0.186568] kernel: futex hash table entries: 1024 (order: 4, 65536 bytes, linear)
[    0.186568] kernel: pinctrl core: initialized pinctrl subsystem
[    0.186568] kernel: PM: RTC time: 10:23:12, date: 2020-09-14
[    0.186568] kernel: NET: Registered protocol family 16
[    0.186568] kernel: audit: initializing netlink subsys (disabled)
[    0.186568] kernel: audit: type=2000 audit(1600078992.044:1): state=initialized audit_enabled=0 res=1
[    0.186568] kernel: EISA bus registered
[    0.186568] kernel: cpuidle: using governor ladder
[    0.186568] kernel: cpuidle: using governor menu
[    0.186568] kernel: Simple Boot Flag at 0x44 set to 0x1
[    0.186568] kernel: ACPI FADT declares the system doesn't support PCIe ASPM, so disable it
[    0.186568] kernel: ACPI: bus type PCI registered
[    0.186568] kernel: acpiphp: ACPI Hot Plug PCI Controller Driver version: 0.5
[    0.186568] kernel: PCI: MMCONFIG for domain 0000 [bus 00-ff] at [mem 0xe0000000-0xefffffff] (base 0xe0000000)
[    0.186568] kernel: PCI: MMCONFIG at [mem 0xe0000000-0xefffffff] reserved in E820
[    0.186568] kernel: pmd_set_huge: Cannot satisfy [mem 0xe0000000-0xe0200000] with a huge-page mapping due to MTRR override.
[    0.186568] kernel: PCI: Using configuration type 1 for base access
[    0.188842] kernel: ENERGY_PERF_BIAS: Set to 'normal', was 'performance'
[    0.190394] kernel: HugeTLB registered 1.00 GiB page size, pre-allocated 0 pages
[    0.190394] kernel: HugeTLB registered 2.00 MiB page size, pre-allocated 0 pages
[    0.190394] kernel: ACPI: Added _OSI(Module Device)
[    0.190394] kernel: ACPI: Added _OSI(Processor Device)
[    0.190394] kernel: ACPI: Added _OSI(3.0 _SCP Extensions)
[    0.190394] kernel: ACPI: Added _OSI(Processor Aggregator Device)
[    0.190394] kernel: ACPI: Added _OSI(Linux-Dell-Video)
[    0.190394] kernel: ACPI: Added _OSI(Linux-Lenovo-NV-HDMI-Audio)
[    0.190394] kernel: ACPI: Added _OSI(Linux-HPI-Hybrid-Graphics)
[    0.251401] kernel: ACPI: 10 ACPI AML tables successfully acquired and loaded
[    0.255491] kernel: ACPI: [Firmware Bug]: BIOS _OSI(Linux) query ignored
[    0.261576] kernel: ACPI: Dynamic OEM Table Load:
[    0.261593] kernel: ACPI: SSDT 0xFFFF89556BC11000 000579 (v02 PmRef  Cpu0Ist  00003000 INTL 20130117)
[    0.263781] kernel: ACPI: \_PR_.CPU0: _OSC native thermal LVT Acked
[    0.265632] kernel: ACPI: Dynamic OEM Table Load:
[    0.265641] kernel: ACPI: SSDT 0xFFFF89556C37F800 00037F (v02 PmRef  Cpu0Cst  00003001 INTL 20130117)
[    0.267754] kernel: ACPI: Dynamic OEM Table Load:
[    0.267761] kernel: ACPI: SSDT 0xFFFF89556C3E4F00 00008E (v02 PmRef  Cpu0Hwp  00003000 INTL 20130117)
[    0.269665] kernel: ACPI: Dynamic OEM Table Load:
[    0.269672] kernel: ACPI: SSDT 0xFFFF89556BC01800 000130 (v02 PmRef  HwpLvt   00003000 INTL 20130117)
[    0.272511] kernel: ACPI: Dynamic OEM Table Load:
[    0.272521] kernel: ACPI: SSDT 0xFFFF89556BC12000 0005AA (v02 PmRef  ApIst    00003000 INTL 20130117)
[    0.275060] kernel: ACPI: Dynamic OEM Table Load:
[    0.275067] kernel: ACPI: SSDT 0xFFFF89556BC01600 000119 (v02 PmRef  ApHwp    00003000 INTL 20130117)
[    0.277120] kernel: ACPI: Dynamic OEM Table Load:
[    0.277126] kernel: ACPI: SSDT 0xFFFF89556BC00000 000119 (v02 PmRef  ApCst    00003000 INTL 20130117)
[    0.281959] kernel: ACPI: EC: EC started
[    0.281959] kernel: ACPI: EC: interrupt blocked
[    0.296916] kernel: ACPI Error: Needed type [Reference], found [Integer] 00000000cc8f90d8 (20190816/exresop-66)
[    0.296922] kernel: ACPI Error: AE_AML_OPERAND_TYPE, While resolving operands for [Store] (20190816/dswexec-431)
[    0.296929] kernel: No Local Variables are initialized for Method [CPUS]
[    0.296931] kernel: Initialized Arguments for Method [CPUS]:  (1 arguments defined for method invocation)
[    0.296931] kernel:   Arg0:   00000000785b4f47 <Obj>           Integer 0000000000000000
[    0.296936] kernel: ACPI Error: Aborting method \_SB.PCI0.LPCB.EC0.CPUS due to previous error (AE_AML_OPERAND_TYPE) (20190816/psparse-529)
[    0.296941] kernel: ACPI Error: Aborting method \_SB.PCI0.LPCB.EC0.SASU due to previous error (AE_AML_OPERAND_TYPE) (20190816/psparse-529)
[    0.296946] kernel: ACPI Error: Aborting method \_SB.PCI0.LPCB.EC0.ECMI due to previous error (AE_AML_OPERAND_TYPE) (20190816/psparse-529)
[    0.296951] kernel: ACPI Error: Aborting method \_SB.PCI0.LPCB.EC0._REG due to previous error (AE_AML_OPERAND_TYPE) (20190816/psparse-529)
[    0.296960] kernel: ACPI: \_SB_.PCI0.LPCB.EC0_: Used as first EC
[    0.296961] kernel: ACPI: \_SB_.PCI0.LPCB.EC0_: GPE=0x17, EC_CMD/EC_SC=0x66, EC_DATA=0x62
[    0.296963] kernel: ACPI: \_SB_.PCI0.LPCB.EC0_: Boot DSDT EC used to handle transactions
[    0.296963] kernel: ACPI: Interpreter enabled
[    0.297032] kernel: ACPI: (supports S0 S3 S4 S5)
[    0.297032] kernel: ACPI: Using IOAPIC for interrupt routing
[    0.297087] kernel: PCI: Using host bridge windows from ACPI; if necessary, use "pci=nocrs" and report a bug
[    0.297935] kernel: ACPI: Enabled 8 GPEs in block 00 to 7F
[    0.301628] kernel: ACPI: Power Resource [PG00] (on)
[    0.337713] kernel: ACPI: PCI Root Bridge [PCI0] (domain 0000 [bus 00-fe])
[    0.337721] kernel: acpi PNP0A08:00: _OSC: OS supports [ExtendedConfig ASPM ClockPM Segments MSI HPX-Type3]
[    0.342169] kernel: acpi PNP0A08:00: _OSC: OS now controls [PCIeHotplug SHPCHotplug PME AER PCIeCapability LTR]
[    0.342170] kernel: acpi PNP0A08:00: FADT indicates ASPM is unsupported, using BIOS configuration
[    0.345320] kernel: PCI host bridge to bus 0000:00
[    0.345323] kernel: pci_bus 0000:00: root bus resource [io  0x0000-0x0cf7 window]
[    0.345324] kernel: pci_bus 0000:00: root bus resource [io  0x0d00-0xffff window]
[    0.345326] kernel: pci_bus 0000:00: root bus resource [mem 0x000a0000-0x000bffff window]
[    0.345327] kernel: pci_bus 0000:00: root bus resource [mem 0x000c0000-0x000c3fff window]
[    0.345328] kernel: pci_bus 0000:00: root bus resource [mem 0x000c4000-0x000c7fff window]
[    0.345329] kernel: pci_bus 0000:00: root bus resource [mem 0x000c8000-0x000cbfff window]
[    0.345331] kernel: pci_bus 0000:00: root bus resource [mem 0x000cc000-0x000cffff window]
[    0.345332] kernel: pci_bus 0000:00: root bus resource [mem 0x000d0000-0x000d3fff window]
[    0.345333] kernel: pci_bus 0000:00: root bus resource [mem 0x000d4000-0x000d7fff window]
[    0.345334] kernel: pci_bus 0000:00: root bus resource [mem 0x000d8000-0x000dbfff window]
[    0.345335] kernel: pci_bus 0000:00: root bus resource [mem 0x000dc000-0x000dffff window]
[    0.345337] kernel: pci_bus 0000:00: root bus resource [mem 0x80000000-0xdfffffff window]
[    0.345338] kernel: pci_bus 0000:00: root bus resource [mem 0xfd000000-0xfe7fffff window]
[    0.345339] kernel: pci_bus 0000:00: root bus resource [bus 00-fe]
[    0.345351] kernel: pci 0000:00:00.0: [8086:1910] type 00 class 0x060000
[    0.346658] kernel: pci 0000:00:01.0: [8086:1901] type 01 class 0x060400
[    0.346715] kernel: pci 0000:00:01.0: PME# supported from D0 D3hot D3cold
[    0.348035] kernel: pci 0000:00:02.0: [8086:191b] type 00 class 0x030000
[    0.348048] kernel: pci 0000:00:02.0: reg 0x10: [mem 0xa2000000-0xa2ffffff 64bit]
[    0.348054] kernel: pci 0000:00:02.0: reg 0x18: [mem 0xb0000000-0xbfffffff 64bit pref]
[    0.348059] kernel: pci 0000:00:02.0: reg 0x20: [io  0x5000-0x503f]
[    0.348078] kernel: pci 0000:00:02.0: BAR 2: assigned to efifb
[    0.349407] kernel: pci 0000:00:04.0: [8086:1903] type 00 class 0x118000
[    0.349421] kernel: pci 0000:00:04.0: reg 0x10: [mem 0xa4420000-0xa4427fff 64bit]
[    0.350841] kernel: pci 0000:00:14.0: [8086:a12f] type 00 class 0x0c0330
[    0.350863] kernel: pci 0000:00:14.0: reg 0x10: [mem 0xa4400000-0xa440ffff 64bit]
[    0.350933] kernel: pci 0000:00:14.0: PME# supported from D3hot D3cold
[    0.352288] kernel: pci 0000:00:14.2: [8086:a131] type 00 class 0x118000
[    0.352310] kernel: pci 0000:00:14.2: reg 0x10: [mem 0xa4432000-0xa4432fff 64bit]
[    0.353666] kernel: pci 0000:00:16.0: [8086:a13a] type 00 class 0x078000
[    0.353692] kernel: pci 0000:00:16.0: reg 0x10: [mem 0xa4433000-0xa4433fff 64bit]
[    0.353769] kernel: pci 0000:00:16.0: PME# supported from D3hot
[    0.355122] kernel: pci 0000:00:17.0: [8086:a103] type 00 class 0x010601
[    0.355141] kernel: pci 0000:00:17.0: reg 0x10: [mem 0xa4430000-0xa4431fff]
[    0.355148] kernel: pci 0000:00:17.0: reg 0x14: [mem 0xa4436000-0xa44360ff]
[    0.355155] kernel: pci 0000:00:17.0: reg 0x18: [io  0x5080-0x5087]
[    0.355163] kernel: pci 0000:00:17.0: reg 0x1c: [io  0x5088-0x508b]
[    0.355170] kernel: pci 0000:00:17.0: reg 0x20: [io  0x5060-0x507f]
[    0.355177] kernel: pci 0000:00:17.0: reg 0x24: [mem 0xa4434000-0xa44347ff]
[    0.355220] kernel: pci 0000:00:17.0: PME# supported from D3hot
[    0.356572] kernel: pci 0000:00:1c.0: [8086:a114] type 01 class 0x060400
[    0.361080] kernel: pci 0000:00:1c.0: PME# supported from D0 D3hot D3cold
[    0.361784] kernel: pci 0000:00:1c.5: [8086:a115] type 01 class 0x060400
[    0.361868] kernel: pci 0000:00:1c.5: PME# supported from D0 D3hot D3cold
[    0.363274] kernel: pci 0000:00:1c.6: [8086:a116] type 01 class 0x060400
[    0.363357] kernel: pci 0000:00:1c.6: PME# supported from D0 D3hot D3cold
[    0.364773] kernel: pci 0000:00:1f.0: [8086:a14e] type 00 class 0x060100
[    0.366217] kernel: pci 0000:00:1f.2: [8086:a121] type 00 class 0x058000
[    0.366234] kernel: pci 0000:00:1f.2: reg 0x10: [mem 0xa442c000-0xa442ffff]
[    0.367617] kernel: pci 0000:00:1f.3: [8086:a170] type 00 class 0x040300
[    0.367646] kernel: pci 0000:00:1f.3: reg 0x10: [mem 0xa4428000-0xa442bfff 64bit]
[    0.367679] kernel: pci 0000:00:1f.3: reg 0x20: [mem 0xa4410000-0xa441ffff 64bit]
[    0.367732] kernel: pci 0000:00:1f.3: PME# supported from D3hot D3cold
[    0.369142] kernel: pci 0000:00:1f.4: [8086:a123] type 00 class 0x0c0500
[    0.369204] kernel: pci 0000:00:1f.4: reg 0x10: [mem 0xa4435000-0xa44350ff 64bit]
[    0.369275] kernel: pci 0000:00:1f.4: reg 0x20: [io  0x5040-0x505f]
[    0.370725] kernel: pci 0000:01:00.0: [10de:139b] type 00 class 0x030200
[    0.370742] kernel: pci 0000:01:00.0: reg 0x10: [mem 0xa3000000-0xa3ffffff]
[    0.370751] kernel: pci 0000:01:00.0: reg 0x14: [mem 0x90000000-0x9fffffff 64bit pref]
[    0.370759] kernel: pci 0000:01:00.0: reg 0x1c: [mem 0xa0000000-0xa1ffffff 64bit pref]
[    0.370765] kernel: pci 0000:01:00.0: reg 0x24: [io  0x4000-0x407f]
[    0.370771] kernel: pci 0000:01:00.0: reg 0x30: [mem 0xfff80000-0xffffffff pref]
[    0.370788] kernel: pci 0000:01:00.0: Enabling HDA controller
[    0.370834] kernel: pci 0000:01:00.0: 63.008 Gb/s available PCIe bandwidth, limited by 8 GT/s x8 link at 0000:00:01.0 (capable of 126.016 Gb/s with 8 GT/s x16 link)
[    0.370927] kernel: pci 0000:01:00.1: [10de:0fbc] type 00 class 0x040300
[    0.370940] kernel: pci 0000:01:00.1: reg 0x10: [mem 0xa4000000-0xa4003fff]
[    0.371071] kernel: pci 0000:00:01.0: PCI bridge to [bus 01-06]
[    0.371073] kernel: pci 0000:00:01.0:   bridge window [io  0x4000-0x4fff]
[    0.371075] kernel: pci 0000:00:01.0:   bridge window [mem 0xa3000000-0xa40fffff]
[    0.371079] kernel: pci 0000:00:01.0:   bridge window [mem 0x90000000-0xa1ffffff 64bit pref]
[    0.371139] kernel: pci 0000:07:00.0: [10ec:522a] type 00 class 0xff0000
[    0.371167] kernel: pci 0000:07:00.0: reg 0x10: [mem 0xa4300000-0xa4300fff]
[    0.371306] kernel: pci 0000:07:00.0: supports D1 D2
[    0.371307] kernel: pci 0000:07:00.0: PME# supported from D1 D2 D3hot D3cold
[    0.371515] kernel: pci 0000:00:1c.0: PCI bridge to [bus 07]
[    0.371520] kernel: pci 0000:00:1c.0:   bridge window [mem 0xa4300000-0xa43fffff]
[    0.371731] kernel: pci 0000:08:00.0: [8086:095a] type 00 class 0x028000
[    0.371831] kernel: pci 0000:08:00.0: reg 0x10: [mem 0xa4200000-0xa4201fff 64bit]
[    0.372221] kernel: pci 0000:08:00.0: PME# supported from D0 D3hot D3cold
[    0.372837] kernel: pci 0000:00:1c.5: PCI bridge to [bus 08]
[    0.372841] kernel: pci 0000:00:1c.5:   bridge window [mem 0xa4200000-0xa42fffff]
[    0.372905] kernel: pci 0000:09:00.0: [10ec:8168] type 00 class 0x020000
[    0.372935] kernel: pci 0000:09:00.0: reg 0x10: [io  0x3000-0x30ff]
[    0.372961] kernel: pci 0000:09:00.0: reg 0x18: [mem 0xa4104000-0xa4104fff 64bit]
[    0.372978] kernel: pci 0000:09:00.0: reg 0x20: [mem 0xa4100000-0xa4103fff 64bit]
[    0.373081] kernel: pci 0000:09:00.0: supports D1 D2
[    0.373082] kernel: pci 0000:09:00.0: PME# supported from D0 D1 D2 D3hot D3cold
[    0.373300] kernel: pci 0000:00:1c.6: PCI bridge to [bus 09]
[    0.373303] kernel: pci 0000:00:1c.6:   bridge window [io  0x3000-0x3fff]
[    0.373306] kernel: pci 0000:00:1c.6:   bridge window [mem 0xa4100000-0xa41fffff]
[    0.376777] kernel: ACPI: PCI Interrupt Link [LNKA] (IRQs 3 4 5 6 10 *11 12 14 15)
[    0.376860] kernel: ACPI: PCI Interrupt Link [LNKB] (IRQs 3 4 5 6 *10 11 12 14 15)
[    0.376940] kernel: ACPI: PCI Interrupt Link [LNKC] (IRQs 3 4 5 6 10 *11 12 14 15)
[    0.377022] kernel: ACPI: PCI Interrupt Link [LNKD] (IRQs 3 4 5 6 10 *11 12 14 15)
[    0.377102] kernel: ACPI: PCI Interrupt Link [LNKE] (IRQs 3 4 5 6 10 *11 12 14 15)
[    0.377181] kernel: ACPI: PCI Interrupt Link [LNKF] (IRQs 3 4 5 6 10 *11 12 14 15)
[    0.377259] kernel: ACPI: PCI Interrupt Link [LNKG] (IRQs 3 4 5 6 10 *11 12 14 15)
[    0.377338] kernel: ACPI: PCI Interrupt Link [LNKH] (IRQs 3 4 5 6 10 *11 12 14 15)
[    0.377785] kernel: platform MSFT0101:00: failed to claim resource 1: [mem 0xfed40000-0xfed40fff]
[    0.377789] kernel: acpi MSFT0101:00: platform device creation failed: -16
[    0.380646] kernel: ACPI: EC: interrupt unblocked
[    0.380646] kernel: ACPI: EC: event unblocked
[    0.380646] kernel: ACPI: \_SB_.PCI0.LPCB.EC0_: GPE=0x17, EC_CMD/EC_SC=0x66, EC_DATA=0x62
[    0.380646] kernel: ACPI: \_SB_.PCI0.LPCB.EC0_: Boot DSDT EC used to handle transactions and events
[    0.380658] kernel: iommu: Default domain type: Translated 
[    0.380834] kernel: SCSI subsystem initialized
[    0.380845] kernel: libata version 3.00 loaded.
[    0.380845] kernel: pci 0000:00:02.0: vgaarb: setting as boot VGA device
[    0.380845] kernel: pci 0000:00:02.0: vgaarb: VGA device added: decodes=io+mem,owns=io+mem,locks=none
[    0.380845] kernel: pci 0000:00:02.0: vgaarb: bridge control possible
[    0.380845] kernel: vgaarb: loaded
[    0.380845] kernel: ACPI: bus type USB registered
[    0.380845] kernel: usbcore: registered new interface driver usbfs
[    0.380845] kernel: usbcore: registered new interface driver hub
[    0.380845] kernel: usbcore: registered new device driver usb
[    0.380845] kernel: pps_core: LinuxPPS API ver. 1 registered
[    0.380845] kernel: pps_core: Software ver. 5.3.6 - Copyright 2005-2007 Rodolfo Giometti <giometti@linux.it>
[    0.380845] kernel: PTP clock support registered
[    0.380845] kernel: EDAC MC: Ver: 3.0.0
[    0.380875] kernel: Registered efivars operations
[    0.380875] kernel: PCI: Using ACPI for IRQ routing
[    0.407392] kernel: PCI: pci_cache_line_size set to 64 bytes
[    0.407730] kernel: e820: reserve RAM buffer [mem 0x00058000-0x0005ffff]
[    0.407732] kernel: e820: reserve RAM buffer [mem 0x00086000-0x0008ffff]
[    0.407732] kernel: e820: reserve RAM buffer [mem 0x625ed018-0x63ffffff]
[    0.407734] kernel: e820: reserve RAM buffer [mem 0x625fe018-0x63ffffff]
[    0.407735] kernel: e820: reserve RAM buffer [mem 0x63fbc000-0x63ffffff]
[    0.407735] kernel: e820: reserve RAM buffer [mem 0x6aa8b000-0x6bffffff]
[    0.407736] kernel: e820: reserve RAM buffer [mem 0x7a28e000-0x7bffffff]
[    0.407737] kernel: e820: reserve RAM buffer [mem 0x7aeff000-0x7bffffff]
[    0.407738] kernel: e820: reserve RAM buffer [mem 0x47f000000-0x47fffffff]
[    0.408644] kernel: NetLabel: Initializing
[    0.408644] kernel: NetLabel:  domain hash size = 128
[    0.408644] kernel: NetLabel:  protocols = UNLABELED CIPSOv4 CALIPSO
[    0.408644] kernel: NetLabel:  unlabeled traffic allowed by default
[    0.408676] kernel: hpet0: at MMIO 0xfed00000, IRQs 2, 8, 0, 0, 0, 0, 0, 0
[    0.408680] kernel: hpet0: 8 comparators, 64-bit 24.000000 MHz counter
[    0.412643] kernel: clocksource: Switched to clocksource tsc-early
[    0.426499] kernel: *** VALIDATE bpf ***
[    0.426575] kernel: VFS: Disk quotas dquot_6.6.0
[    0.426590] kernel: VFS: Dquot-cache hash table entries: 512 (order 0, 4096 bytes)
[    0.426617] kernel: *** VALIDATE ramfs ***
[    0.426620] kernel: *** VALIDATE hugetlbfs ***
[    0.426709] kernel: AppArmor: AppArmor Filesystem Enabled
[    0.426746] kernel: pnp: PnP ACPI init
[    0.427879] kernel: system 00:00: [mem 0xfd000000-0xfdabffff] has been reserved
[    0.427881] kernel: system 00:00: [mem 0xfdad0000-0xfdadffff] has been reserved
[    0.427882] kernel: system 00:00: [mem 0xfdb00000-0xfdffffff] has been reserved
[    0.427884] kernel: system 00:00: [mem 0xfe000000-0xfe01ffff] has been reserved
[    0.427885] kernel: system 00:00: [mem 0xfe036000-0xfe03bfff] has been reserved
[    0.427887] kernel: system 00:00: [mem 0xfe03d000-0xfe3fffff] has been reserved
[    0.427888] kernel: system 00:00: [mem 0xfe410000-0xfe7fffff] has been reserved
[    0.427894] kernel: system 00:00: Plug and Play ACPI device, IDs PNP0c02 (active)
[    0.428379] kernel: system 00:01: [io  0x2000-0x20fe] has been reserved
[    0.428383] kernel: system 00:01: Plug and Play ACPI device, IDs PNP0c02 (active)
[    0.428686] kernel: system 00:02: [io  0x0680-0x069f] has been reserved
[    0.428688] kernel: system 00:02: [io  0xffff] has been reserved
[    0.428689] kernel: system 00:02: [io  0xffff] has been reserved
[    0.428691] kernel: system 00:02: [io  0xffff] has been reserved
[    0.428692] kernel: system 00:02: [io  0x1800-0x18fe] has been reserved
[    0.428694] kernel: system 00:02: [io  0x164e-0x164f] has been reserved
[    0.428695] kernel: system 00:02: [io  0x0454-0x0457] has been reserved
[    0.428699] kernel: system 00:02: Plug and Play ACPI device, IDs PNP0c02 (active)
[    0.428835] kernel: system 00:03: [io  0x0800-0x087f] has been reserved
[    0.428838] kernel: system 00:03: Plug and Play ACPI device, IDs PNP0c02 (active)
[    0.428862] kernel: pnp 00:04: Plug and Play ACPI device, IDs PNP0b00 (active)
[    0.428901] kernel: pnp 00:05: Plug and Play ACPI device, IDs HPQ8001 PNP0303 (active)
[    0.428933] kernel: pnp 00:06: Plug and Play ACPI device, IDs SYN3228 SYN1e00 SYN0002 PNP0f13 (active)
[    0.431212] kernel: system 00:07: [mem 0xfdaf0000-0xfdafffff] has been reserved
[    0.431214] kernel: system 00:07: [mem 0xfdae0000-0xfdaeffff] has been reserved
[    0.431215] kernel: system 00:07: [mem 0xfdac0000-0xfdacffff] has been reserved
[    0.431219] kernel: system 00:07: Plug and Play ACPI device, IDs PNP0c02 (active)
[    0.432085] kernel: system 00:08: [mem 0xfed10000-0xfed17fff] has been reserved
[    0.432087] kernel: system 00:08: [mem 0xfed18000-0xfed18fff] has been reserved
[    0.432089] kernel: system 00:08: [mem 0xfed19000-0xfed19fff] has been reserved
[    0.432090] kernel: system 00:08: [mem 0xe0000000-0xefffffff] has been reserved
[    0.432091] kernel: system 00:08: [mem 0xfed20000-0xfed3ffff] has been reserved
[    0.432093] kernel: system 00:08: [mem 0xfed90000-0xfed93fff] could not be reserved
[    0.432095] kernel: system 00:08: [mem 0xfed45000-0xfed8ffff] could not be reserved
[    0.432096] kernel: system 00:08: [mem 0xff000000-0xffffffff] could not be reserved
[    0.432098] kernel: system 00:08: [mem 0xfee00000-0xfeefffff] could not be reserved
[    0.432100] kernel: system 00:08: [mem 0x80000000-0x8001ffff] has been reserved
[    0.432103] kernel: system 00:08: Plug and Play ACPI device, IDs PNP0c02 (active)
[    0.433027] kernel: pnp: PnP ACPI: found 9 devices
[    0.434409] kernel: thermal_sys: Registered thermal governor 'fair_share'
[    0.434409] kernel: thermal_sys: Registered thermal governor 'bang_bang'
[    0.434410] kernel: thermal_sys: Registered thermal governor 'step_wise'
[    0.434411] kernel: thermal_sys: Registered thermal governor 'user_space'
[    0.434412] kernel: thermal_sys: Registered thermal governor 'power_allocator'
[    0.438910] kernel: clocksource: acpi_pm: mask: 0xffffff max_cycles: 0xffffff, max_idle_ns: 2085701024 ns
[    0.438947] kernel: pci 0000:01:00.0: can't claim BAR 6 [mem 0xfff80000-0xffffffff pref]: no compatible bridge window
[    0.438954] kernel: pci 0000:00:1c.0: bridge window [io  0x1000-0x0fff] to [bus 07] add_size 1000
[    0.438956] kernel: pci 0000:00:1c.0: bridge window [mem 0x00100000-0x000fffff 64bit pref] to [bus 07] add_size 200000 add_align 100000
[    0.438970] kernel: pci 0000:00:1c.0: BAR 15: assigned [mem 0x80100000-0x802fffff 64bit pref]
[    0.438973] kernel: pci 0000:00:1c.0: BAR 13: assigned [io  0x6000-0x6fff]
[    0.438976] kernel: pci 0000:01:00.0: BAR 6: assigned [mem 0xa4080000-0xa40fffff pref]
[    0.438978] kernel: pci 0000:00:01.0: PCI bridge to [bus 01-06]
[    0.438981] kernel: pci 0000:00:01.0:   bridge window [io  0x4000-0x4fff]
[    0.438983] kernel: pci 0000:00:01.0:   bridge window [mem 0xa3000000-0xa40fffff]
[    0.438986] kernel: pci 0000:00:01.0:   bridge window [mem 0x90000000-0xa1ffffff 64bit pref]
[    0.438990] kernel: pci 0000:00:1c.0: PCI bridge to [bus 07]
[    0.438992] kernel: pci 0000:00:1c.0:   bridge window [io  0x6000-0x6fff]
[    0.438995] kernel: pci 0000:00:1c.0:   bridge window [mem 0xa4300000-0xa43fffff]
[    0.438998] kernel: pci 0000:00:1c.0:   bridge window [mem 0x80100000-0x802fffff 64bit pref]
[    0.439002] kernel: pci 0000:00:1c.5: PCI bridge to [bus 08]
[    0.439005] kernel: pci 0000:00:1c.5:   bridge window [mem 0xa4200000-0xa42fffff]
[    0.439011] kernel: pci 0000:00:1c.6: PCI bridge to [bus 09]
[    0.439013] kernel: pci 0000:00:1c.6:   bridge window [io  0x3000-0x3fff]
[    0.439017] kernel: pci 0000:00:1c.6:   bridge window [mem 0xa4100000-0xa41fffff]
[    0.439023] kernel: pci_bus 0000:00: resource 4 [io  0x0000-0x0cf7 window]
[    0.439025] kernel: pci_bus 0000:00: resource 5 [io  0x0d00-0xffff window]
[    0.439026] kernel: pci_bus 0000:00: resource 6 [mem 0x000a0000-0x000bffff window]
[    0.439027] kernel: pci_bus 0000:00: resource 7 [mem 0x000c0000-0x000c3fff window]
[    0.439028] kernel: pci_bus 0000:00: resource 8 [mem 0x000c4000-0x000c7fff window]
[    0.439029] kernel: pci_bus 0000:00: resource 9 [mem 0x000c8000-0x000cbfff window]
[    0.439031] kernel: pci_bus 0000:00: resource 10 [mem 0x000cc000-0x000cffff window]
[    0.439032] kernel: pci_bus 0000:00: resource 11 [mem 0x000d0000-0x000d3fff window]
[    0.439033] kernel: pci_bus 0000:00: resource 12 [mem 0x000d4000-0x000d7fff window]
[    0.439034] kernel: pci_bus 0000:00: resource 13 [mem 0x000d8000-0x000dbfff window]
[    0.439035] kernel: pci_bus 0000:00: resource 14 [mem 0x000dc000-0x000dffff window]
[    0.439036] kernel: pci_bus 0000:00: resource 15 [mem 0x80000000-0xdfffffff window]
[    0.439038] kernel: pci_bus 0000:00: resource 16 [mem 0xfd000000-0xfe7fffff window]
[    0.439039] kernel: pci_bus 0000:01: resource 0 [io  0x4000-0x4fff]
[    0.439040] kernel: pci_bus 0000:01: resource 1 [mem 0xa3000000-0xa40fffff]
[    0.439041] kernel: pci_bus 0000:01: resource 2 [mem 0x90000000-0xa1ffffff 64bit pref]
[    0.439043] kernel: pci_bus 0000:07: resource 0 [io  0x6000-0x6fff]
[    0.439044] kernel: pci_bus 0000:07: resource 1 [mem 0xa4300000-0xa43fffff]
[    0.439045] kernel: pci_bus 0000:07: resource 2 [mem 0x80100000-0x802fffff 64bit pref]
[    0.439046] kernel: pci_bus 0000:08: resource 1 [mem 0xa4200000-0xa42fffff]
[    0.439047] kernel: pci_bus 0000:09: resource 0 [io  0x3000-0x3fff]
[    0.439049] kernel: pci_bus 0000:09: resource 1 [mem 0xa4100000-0xa41fffff]
[    0.439253] kernel: NET: Registered protocol family 2
[    0.439420] kernel: tcp_listen_portaddr_hash hash table entries: 8192 (order: 5, 131072 bytes, linear)
[    0.439511] kernel: TCP established hash table entries: 131072 (order: 8, 1048576 bytes, linear)
[    0.439720] kernel: TCP bind hash table entries: 65536 (order: 8, 1048576 bytes, linear)
[    0.439822] kernel: TCP: Hash tables configured (established 131072 bind 65536)
[    0.439865] kernel: UDP hash table entries: 8192 (order: 6, 262144 bytes, linear)
[    0.439918] kernel: UDP-Lite hash table entries: 8192 (order: 6, 262144 bytes, linear)
[    0.439987] kernel: NET: Registered protocol family 1
[    0.439991] kernel: NET: Registered protocol family 44
[    0.440004] kernel: pci 0000:00:02.0: Video device with shadowed ROM at [mem 0x000c0000-0x000dffff]
[    0.441784] kernel: pci 0000:01:00.1: D0 power state depends on 0000:01:00.0
[    0.441936] kernel: PCI: CLS 64 bytes, default 64
[    0.441996] kernel: Trying to unpack rootfs image as initramfs...
[    0.660724] kernel: Initramfs unpacking failed: Decoding failed
[    0.670352] kernel: Freeing initrd memory: 83280K
[    0.688710] kernel: PCI-DMA: Using software bounce buffering for IO (SWIOTLB)
[    0.688712] kernel: software IO TLB: mapped [mem 0x75d17000-0x79d17000] (64MB)
[    0.688937] kernel: check: Scanning for low memory corruption every 60 seconds
[    0.689411] kernel: Initialise system trusted keyrings
[    0.689434] kernel: Key type blacklist registered
[    0.689466] kernel: workingset: timestamp_bits=36 max_order=22 bucket_order=0
[    0.690944] kernel: zbud: loaded
[    0.691363] kernel: squashfs: version 4.0 (2009/01/31) Phillip Lougher
[    0.691524] kernel: fuse: init (API version 7.31)
[    0.691540] kernel: *** VALIDATE fuse ***
[    0.691542] kernel: *** VALIDATE fuse ***
[    0.691639] kernel: Platform Keyring initialized
[    0.695645] kernel: Key type asymmetric registered
[    0.695646] kernel: Asymmetric key parser 'x509' registered
[    0.695662] kernel: Block layer SCSI generic (bsg) driver version 0.4 loaded (major 244)
[    0.695705] kernel: io scheduler mq-deadline registered
[    0.696111] kernel: pcieport 0000:00:01.0: PME: Signaling with IRQ 122
[    0.696360] kernel: pcieport 0000:00:1c.0: PME: Signaling with IRQ 123
[    0.696408] kernel: pcieport 0000:00:1c.0: AER: enabled with IRQ 123
[    0.696434] kernel: pcieport 0000:00:1c.0: pciehp: Slot #4 AttnBtn- PwrCtrl- MRL- AttnInd- PwrInd- HotPlug+ Surprise+ Interlock- NoCompl+ LLActRep+
[    0.696711] kernel: pcieport 0000:00:1c.5: PME: Signaling with IRQ 124
[    0.696762] kernel: pcieport 0000:00:1c.5: AER: enabled with IRQ 124
[    0.696996] kernel: pcieport 0000:00:1c.6: PME: Signaling with IRQ 125
[    0.697043] kernel: pcieport 0000:00:1c.6: AER: enabled with IRQ 125
[    0.697109] kernel: shpchp: Standard Hot Plug PCI Controller Driver version: 0.4
[    0.697174] kernel: efifb: probing for efifb
[    0.697206] kernel: efifb: showing boot graphics
[    0.697855] kernel: efifb: framebuffer at 0xb0000000, using 8100k, total 8100k
[    0.697856] kernel: efifb: mode is 1920x1080x32, linelength=7680, pages=1
[    0.697857] kernel: efifb: scrolling: redraw
[    0.697858] kernel: efifb: Truecolor: size=8:8:8:8, shift=24:16:8:0
[    0.697900] kernel: fbcon: Deferring console take-over
[    0.697901] kernel: fb0: EFI VGA frame buffer device
[    0.697908] kernel: intel_idle: MWAIT substates: 0x11142120
[    0.697909] kernel: intel_idle: v0.4.1 model 0x5E
[    0.698146] kernel: intel_idle: lapic_timer_reliable_states 0xffffffff
[    0.698944] kernel: ACPI: AC Adapter [ADP1] (on-line)
[    0.699042] kernel: input: Lid Switch as /devices/LNXSYSTM:00/LNXSYBUS:00/PNP0C0D:00/input/input0
[    0.699062] kernel: ACPI: Lid Switch [LID0]
[    0.699093] kernel: input: Power Button as /devices/LNXSYSTM:00/LNXSYBUS:00/PNP0C0C:00/input/input1
[    0.699109] kernel: ACPI: Power Button [PWRB]
[    0.699140] kernel: input: Power Button as /devices/LNXSYSTM:00/LNXPWRBN:00/input/input2
[    0.699458] kernel: ACPI: Power Button [PWRF]
[    0.703327] kernel: [Firmware Bug]: Invalid critical threshold (0)
[    0.709157] kernel: thermal LNXTHERM:00: registered as thermal_zone0
[    0.709159] kernel: ACPI: Thermal Zone [TZ01] (45 C)
[    0.709534] kernel: Serial: 8250/16550 driver, 32 ports, IRQ sharing enabled
[    0.713629] kernel: Linux agpgart interface v0.103
[    0.779050] kernel: battery: ACPI: Battery Slot [BAT0] (battery present)
[    0.780898] kernel: loop: module loaded
[    0.781144] kernel: libphy: Fixed MDIO Bus: probed
[    0.781145] kernel: tun: Universal TUN/TAP device driver, 1.6
[    0.781209] kernel: PPP generic driver version 2.4.2
[    0.781301] kernel: VFIO - User Level meta-driver version: 0.3
[    0.781368] kernel: ehci_hcd: USB 2.0 'Enhanced' Host Controller (EHCI) Driver
[    0.781371] kernel: ehci-pci: EHCI PCI platform driver
[    0.781382] kernel: ehci-platform: EHCI generic platform driver
[    0.781394] kernel: ohci_hcd: USB 1.1 'Open' Host Controller (OHCI) Driver
[    0.781395] kernel: ohci-pci: OHCI PCI platform driver
[    0.781403] kernel: ohci-platform: OHCI generic platform driver
[    0.781410] kernel: uhci_hcd: USB Universal Host Controller Interface driver
[    0.781643] kernel: xhci_hcd 0000:00:14.0: xHCI Host Controller
[    0.781649] kernel: xhci_hcd 0000:00:14.0: new USB bus registered, assigned bus number 1
[    0.782712] kernel: xhci_hcd 0000:00:14.0: hcc params 0x200077c1 hci version 0x100 quirks 0x0000000001109810
[    0.782801] kernel: xhci_hcd 0000:00:14.0: cache line size of 64 is not supported
[    0.782992] kernel: usb usb1: New USB device found, idVendor=1d6b, idProduct=0002, bcdDevice= 5.04
[    0.782993] kernel: usb usb1: New USB device strings: Mfr=3, Product=2, SerialNumber=1
[    0.782995] kernel: usb usb1: Product: xHCI Host Controller
[    0.782996] kernel: usb usb1: Manufacturer: Linux 5.4.0-47-generic xhci-hcd
[    0.782997] kernel: usb usb1: SerialNumber: 0000:00:14.0
[    0.783111] kernel: hub 1-0:1.0: USB hub found
[    0.783128] kernel: hub 1-0:1.0: 16 ports detected
[    0.785429] kernel: xhci_hcd 0000:00:14.0: xHCI Host Controller
[    0.785433] kernel: xhci_hcd 0000:00:14.0: new USB bus registered, assigned bus number 2
[    0.785435] kernel: xhci_hcd 0000:00:14.0: Host supports USB 3.0 SuperSpeed
[    0.785470] kernel: usb usb2: New USB device found, idVendor=1d6b, idProduct=0003, bcdDevice= 5.04
[    0.785471] kernel: usb usb2: New USB device strings: Mfr=3, Product=2, SerialNumber=1
[    0.785472] kernel: usb usb2: Product: xHCI Host Controller
[    0.785473] kernel: usb usb2: Manufacturer: Linux 5.4.0-47-generic xhci-hcd
[    0.785474] kernel: usb usb2: SerialNumber: 0000:00:14.0
[    0.785601] kernel: hub 2-0:1.0: USB hub found
[    0.785612] kernel: hub 2-0:1.0: 8 ports detected
[    0.786097] kernel: usb: port power management may be unreliable
[    0.786685] kernel: i8042: PNP: PS/2 Controller [PNP0303:PS2K,PNP0f13:PS2M] at 0x60,0x64 irq 1,12
[    0.794157] kernel: serio: i8042 KBD port at 0x60,0x64 irq 1
[    0.794160] kernel: serio: i8042 AUX port at 0x60,0x64 irq 12
[    0.794338] kernel: mousedev: PS/2 mouse device common for all mice
[    0.794638] kernel: rtc_cmos 00:04: RTC can wake from S4
[    0.795125] kernel: rtc_cmos 00:04: registered as rtc0
[    0.795140] kernel: rtc_cmos 00:04: alarms up to one month, y3k, 242 bytes nvram, hpet irqs
[    0.795146] kernel: i2c /dev entries driver
[    0.795188] kernel: device-mapper: uevent: version 1.0.3
[    0.795279] kernel: device-mapper: ioctl: 4.41.0-ioctl (2019-09-16) initialised: dm-devel@redhat.com
[    0.795298] kernel: platform eisa.0: Probing EISA bus 0
[    0.795299] kernel: platform eisa.0: EISA: Cannot allocate resource for mainboard
[    0.795301] kernel: platform eisa.0: Cannot allocate resource for EISA slot 1
[    0.795302] kernel: platform eisa.0: Cannot allocate resource for EISA slot 2
[    0.795303] kernel: platform eisa.0: Cannot allocate resource for EISA slot 3
[    0.795304] kernel: platform eisa.0: Cannot allocate resource for EISA slot 4
[    0.795305] kernel: platform eisa.0: Cannot allocate resource for EISA slot 5
[    0.795306] kernel: platform eisa.0: Cannot allocate resource for EISA slot 6
[    0.795307] kernel: platform eisa.0: Cannot allocate resource for EISA slot 7
[    0.795308] kernel: platform eisa.0: Cannot allocate resource for EISA slot 8
[    0.795309] kernel: platform eisa.0: EISA: Detected 0 cards
[    0.795312] kernel: intel_pstate: Intel P-state driver initializing
[    0.795744] kernel: intel_pstate: HWP enabled
[    0.795765] kernel: ledtrig-cpu: registered to indicate activity on CPUs
[    0.795767] kernel: EFI Variables Facility v0.08 2004-May-17
[    0.856562] kernel: intel_pmc_core INT33A1:00:  initialized
[    0.856624] kernel: drop_monitor: Initializing network drop monitor service
[    0.856861] kernel: NET: Registered protocol family 10
[    0.862700] kernel: Segment Routing with IPv6
[    0.862729] kernel: NET: Registered protocol family 17
[    0.862864] kernel: Key type dns_resolver registered
[    0.863417] kernel: RAS: Correctable Errors collector initialized.
[    0.863441] kernel: microcode: sig=0x506e3, pf=0x20, revision=0xdc
[    0.863609] kernel: microcode: Microcode Update Driver: v2.2.
[    0.863612] kernel: IPI shorthand broadcast: enabled
[    0.863631] kernel: sched_clock: Marking stable (862842951, 763658)->(1217110964, -353504355)
[    0.863788] kernel: registered taskstats version 1
[    0.863814] kernel: Loading compiled-in X.509 certificates
[    0.864597] kernel: Loaded X.509 cert 'Build time autogenerated kernel key: 52d16be8a47f13ed569e4734dd7da053d9d3759d'
[    0.864614] kernel: zswap: loaded using pool lzo/zbud
[    0.864757] kernel: Key type ._fscrypt registered
[    0.864758] kernel: Key type .fscrypt registered
[    0.868602] kernel: input: AT Translated Set 2 keyboard as /devices/platform/i8042/serio0/input/input3
[    0.869703] kernel: Key type big_key registered
[    0.869706] kernel: Key type trusted registered
[    0.872246] kernel: Key type encrypted registered
[    0.872248] kernel: AppArmor: AppArmor sha1 policy hashing enabled
[    0.875172] kernel: ima: Allocated hash algorithm: sha1
[    1.064810] kernel: ima: No architecture policies found
[    1.064844] kernel: evm: Initialising EVM extended attributes:
[    1.064844] kernel: evm: security.selinux
[    1.064845] kernel: evm: security.SMACK64
[    1.064845] kernel: evm: security.SMACK64EXEC
[    1.064845] kernel: evm: security.SMACK64TRANSMUTE
[    1.064846] kernel: evm: security.SMACK64MMAP
[    1.064846] kernel: evm: security.apparmor
[    1.064846] kernel: evm: security.ima
[    1.064847] kernel: evm: security.capability
[    1.064847] kernel: evm: HMAC attrs: 0x1
[    1.066116] kernel: PM:   Magic number: 4:951:375
[    1.066188] kernel: acpi LNXVIDEO:01: hash matches
[    1.066346] kernel: rtc_cmos 00:04: setting system clock to 2020-09-14T10:23:14 UTC (1600078994)
[    1.067495] kernel: Freeing unused decrypted memory: 2040K
[    1.067913] kernel: Freeing unused kernel image memory: 2716K
[    1.067974] kernel: Write protecting the kernel read-only data: 22528k
[    1.068482] kernel: Freeing unused kernel image memory: 2008K
[    1.068670] kernel: Freeing unused kernel image memory: 1188K
[    1.077978] kernel: x86/mm: Checked W+X mappings: passed, no W+X pages found.
[    1.077979] kernel: x86/mm: Checking user space page tables
[    1.086162] kernel: x86/mm: Checked W+X mappings: passed, no W+X pages found.
[    1.086163] kernel: Run /init as init process
[    1.120673] kernel: usb 1-1: new high-speed USB device number 2 using xhci_hcd
[    1.161524] kernel: wmi_bus wmi_bus-PNP0C14:00: WQ data block query control method not found
[    1.161526] kernel: wmi_bus wmi_bus-PNP0C14:00: WQ data block query control method not found
[    1.161527] kernel: wmi_bus wmi_bus-PNP0C14:00: WQ data block query control method not found
[    1.161528] kernel: wmi_bus wmi_bus-PNP0C14:00: WQ data block query control method not found
[    1.161693] kernel: wmi_bus wmi_bus-PNP0C14:01: WQBC data block query control method not found
[    1.161706] kernel: wmi_bus wmi_bus-PNP0C14:01: WQBJ data block query control method not found
[    1.172754] kernel: ahci 0000:00:17.0: version 3.0
[    1.175594] kernel: r8169 0000:09:00.0: can't disable ASPM; OS doesn't have ASPM control
[    1.179421] kernel: i801_smbus 0000:00:1f.4: SPD Write Disable is set
[    1.179454] kernel: i801_smbus 0000:00:1f.4: SMBus using PCI interrupt
[    1.184774] kernel: ahci 0000:00:17.0: AHCI 0001.0301 32 slots 4 ports 6 Gbps 0xf impl SATA mode
[    1.184776] kernel: ahci 0000:00:17.0: flags: 64bit ncq sntf led clo only pio slum part ems deso sadm sds apst 
[    1.188188] kernel: libphy: r8169: probed
[    1.188346] kernel: r8169 0000:09:00.0 eth0: RTL8168h/8111h, c8:d3:ff:e8:b7:65, XID 541, IRQ 129
[    1.188348] kernel: r8169 0000:09:00.0 eth0: jumbo features [frames: 9200 bytes, tx checksumming: ko]
[    1.203701] kernel: cryptd: max_cpu_qlen set to 1000
[    1.207429] kernel: AVX2 version of gcm_enc/dec engaged.
[    1.207430] kernel: AES CTR mode by8 optimization enabled
[    1.208478] kernel: r8169 0000:09:00.0 eno1: renamed from eth0
[    1.224549] kernel: checking generic (b0000000 7e9000) vs hw (b0000000 10000000)
[    1.224550] kernel: fb0: switching to inteldrmfb from EFI VGA
[    1.224681] kernel: i915 0000:00:02.0: vgaarb: deactivate vga console
[    1.226589] kernel: [drm] Supports vblank timestamp caching Rev 2 (21.10.2013).
[    1.226589] kernel: [drm] Driver supports precise vblank timestamp query.
[    1.227077] kernel: i915 0000:00:02.0: vgaarb: changed VGA decodes: olddecodes=io+mem,decodes=io+mem:owns=io+mem
[    1.227450] kernel: [drm] Finished loading DMC firmware i915/skl_dmc_ver1_27.bin (v1.27)
[    1.230050] kernel: scsi host0: ahci
[    1.230161] kernel: scsi host1: ahci
[    1.230228] kernel: scsi host2: ahci
[    1.230345] kernel: scsi host3: ahci
[    1.230396] kernel: ata1: SATA max UDMA/133 abar m2048@0xa4434000 port 0xa4434100 irq 128
[    1.230398] kernel: ata2: SATA max UDMA/133 abar m2048@0xa4434000 port 0xa4434180 irq 128
[    1.230399] kernel: ata3: SATA max UDMA/133 abar m2048@0xa4434000 port 0xa4434200 irq 128
[    1.230400] kernel: ata4: SATA max UDMA/133 abar m2048@0xa4434000 port 0xa4434280 irq 128
[    1.250019] kernel: [drm] Initialized i915 1.6.0 20190822 for 0000:00:02.0 on minor 0
[    1.250768] kernel: [Firmware Bug]: ACPI(PEGP) defines _DOD but not _DOS
[    1.250783] kernel: ACPI: Video Device [PEGP] (multi-head: yes  rom: yes  post: no)
[    1.250944] kernel: input: Video Bus as /devices/LNXSYSTM:00/LNXSYBUS:00/PNP0A08:00/device:00/LNXVIDEO:00/input/input6
[    1.253392] kernel: ACPI: Video Device [GFX0] (multi-head: yes  rom: no  post: no)
[    1.253564] kernel: input: Video Bus as /devices/LNXSYSTM:00/LNXSYBUS:00/PNP0A08:00/LNXVIDEO:01/input/input7
[    1.279484] kernel: usb 1-1: New USB device found, idVendor=0bda, idProduct=5411, bcdDevice= 1.04
[    1.279486] kernel: usb 1-1: New USB device strings: Mfr=1, Product=2, SerialNumber=0
[    1.279487] kernel: usb 1-1: Product: 4-Port USB 2.0 Hub
[    1.279487] kernel: usb 1-1: Manufacturer: Generic
[    1.280482] kernel: hub 1-1:1.0: USB hub found
[    1.281110] kernel: hub 1-1:1.0: 4 ports detected
[    1.401011] kernel: usb 2-1: new SuperSpeed Gen 1 USB device number 2 using xhci_hcd
[    1.430884] kernel: usb 2-1: New USB device found, idVendor=0bda, idProduct=0411, bcdDevice= 1.04
[    1.430886] kernel: usb 2-1: New USB device strings: Mfr=1, Product=2, SerialNumber=0
[    1.430887] kernel: usb 2-1: Product: 4-Port USB 3.0 Hub
[    1.430887] kernel: usb 2-1: Manufacturer: Generic
[    1.435626] kernel: hub 2-1:1.0: USB hub found
[    1.436531] kernel: hub 2-1:1.0: 4 ports detected
[    1.449021] kernel: fbcon: i915drmfb (fb0) is primary device
[    1.449022] kernel: fbcon: Deferring console take-over
[    1.449023] kernel: i915 0000:00:02.0: fb0: i915drmfb frame buffer device
[    1.544282] kernel: ata1: SATA link up 6.0 Gbps (SStatus 133 SControl 300)
[    1.544402] kernel: ata3: SATA link down (SStatus 4 SControl 300)
[    1.544418] kernel: ata2: SATA link up 6.0 Gbps (SStatus 133 SControl 300)
[    1.544446] kernel: ata4: SATA link down (SStatus 4 SControl 300)
[    1.546284] kernel: ata2.00: ATA-9: HGST HTS721010A9E630, JB0OA3T0, max UDMA/133
[    1.546285] kernel: ata2.00: 1953525168 sectors, multi 16: LBA48 NCQ (depth 32), AA
[    1.547009] kernel: ata1.00: ATA-10: SAMSUNG MZNTY128HDHP-000H1, MAT21H3Q, max UDMA/100
[    1.547035] kernel: ata1.00: 250069680 sectors, multi 16: LBA48 NCQ (depth 32), AA
[    1.548241] kernel: ata2.00: configured for UDMA/133
[    1.549493] kernel: ata1.00: configured for UDMA/100
[    1.549498] kernel: ahci 0000:00:17.0: port does not support device sleep
[    1.550011] kernel: scsi 0:0:0:0: Direct-Access     ATA      SAMSUNG MZNTY128 1H3Q PQ: 0 ANSI: 5
[    1.550368] kernel: sd 0:0:0:0: Attached scsi generic sg0 type 0
[    1.550392] kernel: sd 0:0:0:0: [sda] 250069680 512-byte logical blocks: (128 GB/119 GiB)
[    1.550394] kernel: sd 0:0:0:0: [sda] 4096-byte physical blocks
[    1.550398] kernel: sd 0:0:0:0: [sda] Write Protect is off
[    1.550399] kernel: sd 0:0:0:0: [sda] Mode Sense: 00 3a 00 00
[    1.550429] kernel: sd 0:0:0:0: [sda] Write cache: enabled, read cache: enabled, doesn't support DPO or FUA
[    1.550605] kernel: scsi 1:0:0:0: Direct-Access     ATA      HGST HTS721010A9 A3T0 PQ: 0 ANSI: 5
[    1.550892] kernel: sd 1:0:0:0: Attached scsi generic sg1 type 0
[    1.551041] kernel: sd 1:0:0:0: [sdb] 1953525168 512-byte logical blocks: (1.00 TB/932 GiB)
[    1.551042] kernel: sd 1:0:0:0: [sdb] 4096-byte physical blocks
[    1.551051] kernel: sd 1:0:0:0: [sdb] Write Protect is off
[    1.551052] kernel: sd 1:0:0:0: [sdb] Mode Sense: 00 3a 00 00
[    1.551067] kernel: sd 1:0:0:0: [sdb] Write cache: enabled, read cache: enabled, doesn't support DPO or FUA
[    1.552669] kernel: usb 1-2: new full-speed USB device number 3 using xhci_hcd
[    1.575181] kernel:  sda: sda1 sda2 sda3 sda4
[    1.575993] kernel: sd 0:0:0:0: [sda] Attached SCSI disk
[    1.652269] kernel:  sdb: sdb1 sdb2 sdb3 sdb4 sdb5
[    1.654174] kernel: sd 1:0:0:0: [sdb] Attached SCSI disk
[    1.712008] kernel: usb 1-2: New USB device found, idVendor=04d9, idProduct=fa56, bcdDevice= 2.00
[    1.712042] kernel: usb 1-2: New USB device strings: Mfr=0, Product=2, SerialNumber=0
[    1.712043] kernel: usb 1-2: Product: USB Laser Game Mouse
[    1.712683] kernel: tsc: Refined TSC clocksource calibration: 2303.999 MHz
[    1.712686] kernel: clocksource: tsc: mask: 0xffffffffffffffff max_cycles: 0x2135f6faae8, max_idle_ns: 440795313647 ns
[    1.712773] kernel: clocksource: Switched to clocksource tsc
[    1.848692] kernel: usb 1-4: new high-speed USB device number 4 using xhci_hcd
[    2.009304] kernel: usb 1-4: New USB device found, idVendor=04f2, idProduct=b56d, bcdDevice=33.05
[    2.009306] kernel: usb 1-4: New USB device strings: Mfr=1, Product=2, SerialNumber=0
[    2.009307] kernel: usb 1-4: Product: HP Wide Vision HD
[    2.009307] kernel: usb 1-4: Manufacturer: Chicony Electronics Co.,Ltd.
[    2.049978] kernel: psmouse serio1: synaptics: queried max coordinates: x [..5636], y [..4634]
[    2.090150] kernel: psmouse serio1: synaptics: queried min coordinates: x [1360..], y [1298..]
[    2.090155] kernel: psmouse serio1: synaptics: Your touchpad (PNP: SYN3228 SYN1e00 SYN0002 PNP0f13) says it can support a different bus. If i2c-hid and hid-rmi are not used, you might want to try setting psmouse.synaptics_intertouch to 1 and report this to linux-input@vger.kernel.org.
[    2.136729] kernel: usb 1-7: new full-speed USB device number 5 using xhci_hcd
[    2.167912] kernel: psmouse serio1: synaptics: Touchpad model: 1, fw: 8.1, id: 0x1e2b1, caps: 0xf00123/0x840300/0x12e800/0x0, board id: 3114, fw id: 1805562
[    2.217288] kernel: input: SynPS/2 Synaptics TouchPad as /devices/platform/i8042/serio1/input/input5
[    2.286566] kernel: usb 1-7: New USB device found, idVendor=8087, idProduct=0a2a, bcdDevice= 0.01
[    2.286567] kernel: usb 1-7: New USB device strings: Mfr=0, Product=0, SerialNumber=0
[    2.292692] kernel: hidraw: raw HID events driver (C) Jiri Kosina
[    2.308218] kernel: usbcore: registered new interface driver usbhid
[    2.308219] kernel: usbhid: USB HID core driver
[    2.310660] kernel: input: USB Laser Game Mouse as /devices/pci0000:00/0000:00:14.0/usb1/1-2/1-2:1.0/0003:04D9:FA56.0001/input/input8
[    2.310888] kernel: hid-generic 0003:04D9:FA56.0001: input,hidraw0: USB HID v1.10 Mouse [USB Laser Game Mouse] on usb-0000:00:14.0-2/input0
[    2.311030] kernel: input: USB Laser Game Mouse as /devices/pci0000:00/0000:00:14.0/usb1/1-2/1-2:1.1/0003:04D9:FA56.0002/input/input9
[    2.369066] kernel: hid-generic 0003:04D9:FA56.0002: input,hidraw1: USB HID v1.10 Keyboard [USB Laser Game Mouse] on usb-0000:00:14.0-2/input1
[    2.369463] kernel: input: USB Laser Game Mouse Consumer Control as /devices/pci0000:00/0000:00:14.0/usb1/1-2/1-2:1.2/0003:04D9:FA56.0003/input/input10
[    2.428934] kernel: input: USB Laser Game Mouse as /devices/pci0000:00/0000:00:14.0/usb1/1-2/1-2:1.2/0003:04D9:FA56.0003/input/input11
[    2.429408] kernel: hid-generic 0003:04D9:FA56.0003: input,hiddev0,hidraw2: USB HID v1.10 Device [USB Laser Game Mouse] on usb-0000:00:14.0-2/input2
[    2.892651] kernel: raid6: avx2x4   gen() 31462 MB/s
[    2.940645] kernel: raid6: avx2x4   xor() 18824 MB/s
[    2.988648] kernel: raid6: avx2x2   gen() 27626 MB/s
[    3.036646] kernel: raid6: avx2x2   xor() 17354 MB/s
[    3.084646] kernel: raid6: avx2x1   gen() 22354 MB/s
[    3.132646] kernel: raid6: avx2x1   xor() 16025 MB/s
[    3.180645] kernel: raid6: sse2x4   gen() 13259 MB/s
[    3.228647] kernel: raid6: sse2x4   xor()  8181 MB/s
[    3.276648] kernel: raid6: sse2x2   gen() 11333 MB/s
[    3.324648] kernel: raid6: sse2x2   xor()  7579 MB/s
[    3.372646] kernel: raid6: sse2x1   gen() 10114 MB/s
[    3.420649] kernel: raid6: sse2x1   xor()  5718 MB/s
[    3.420650] kernel: raid6: using algorithm avx2x4 gen() 31462 MB/s
[    3.420650] kernel: raid6: .... xor() 18824 MB/s, rmw enabled
[    3.420651] kernel: raid6: using avx2x2 recovery algorithm
[    3.423162] kernel: xor: automatically using best checksumming function   avx       
[    3.437637] kernel: Btrfs loaded, crc32c=crc32c-intel
[    4.002339] kernel: EXT4-fs (sdb5): mounted filesystem with ordered data mode. Opts: (null)
[    5.424849] systemd[1]: RTC configured in localtime, applying delta of 120 minutes to system time.
[    5.662528] systemd[1]: Inserted module 'autofs4'
[    5.897039] systemd[1]: systemd 245.4-4ubuntu3.2 running in system mode. (+PAM +AUDIT +SELINUX +IMA +APPARMOR +SMACK +SYSVINIT +UTMP +LIBCRYPTSETUP +GCRYPT +GNUTLS +ACL +XZ +LZ4 +SECCOMP +BLKID +ELFUTILS +KMOD +IDN2 -IDN +PCRE2 default-hierarchy=hybrid)
[    5.916937] systemd[1]: Detected architecture x86-64.
[    5.952608] systemd[1]: Set hostname to <Whirlpool>.
[    7.704904] systemd[1]: /lib/systemd/system/dbus.socket:5: ListenStream= references a path below legacy directory /var/run/, updating /var/run/dbus/system_bus_socket  /run/dbus/system_bus_socket; please update the unit file accordingly.
[    7.924822] systemd[1]: Created slice system-modprobe.slice.
[    7.925068] systemd[1]: Created slice system-systemd\x2dfsck.slice.
[    7.925266] systemd[1]: Created slice User and Session Slice.
[    7.925313] systemd[1]: Started Forward Password Requests to Wall Directory Watch.
[    7.925491] systemd[1]: Set up automount Arbitrary Executable File Formats File System Automount Point.
[    7.925523] systemd[1]: Reached target User and Group Name Lookups.
[    7.925536] systemd[1]: Reached target Remote File Systems.
[    7.925543] systemd[1]: Reached target Slices.
[    7.925608] systemd[1]: Listening on Device-mapper event daemon FIFOs.
[    7.925675] systemd[1]: Listening on LVM2 poll daemon socket.
[    7.942041] systemd[1]: Listening on Syslog Socket.
[    7.943420] systemd[1]: Listening on Process Core Dump Socket.
[    7.943489] systemd[1]: Listening on fsck to fsckd communication Socket.
[    7.943535] systemd[1]: Listening on initctl Compatibility Named Pipe.
[    7.943685] systemd[1]: Listening on Journal Audit Socket.
[    7.943753] systemd[1]: Listening on Journal Socket (/dev/log).
[    7.943828] systemd[1]: Listening on Journal Socket.
[    7.943898] systemd[1]: Listening on udev Control Socket.
[    7.943952] systemd[1]: Listening on udev Kernel Socket.
[    7.944837] systemd[1]: Mounting Huge Pages File System...
[    7.945670] systemd[1]: Mounting POSIX Message Queue File System...
[    7.946524] systemd[1]: Mounting Kernel Debug File System...
[    7.947297] systemd[1]: Mounting Kernel Trace File System...
[    7.948542] systemd[1]: Starting Journal Service...
[    7.949423] systemd[1]: Starting Availability of block devices...
[    7.950603] systemd[1]: Starting Set the console keyboard layout...
[    7.951518] systemd[1]: Starting Create list of static device nodes for the current kernel...
[    7.952693] systemd[1]: Starting Monitoring of LVM2 mirrors, snapshots etc. using dmeventd or progress polling...
[    7.952746] systemd[1]: Condition check resulted in Load Kernel Module drm being skipped.
[    7.979602] systemd[1]: Condition check resulted in Set Up Additional Binary Formats being skipped.
[    7.979651] systemd[1]: Condition check resulted in File System Check on Root Device being skipped.
[    8.034287] systemd[1]: Starting Load Kernel Modules...
[    8.035287] systemd[1]: Starting Remount Root and Kernel File Systems...
[    8.036184] systemd[1]: Starting udev Coldplug all Devices...
[    8.037161] systemd[1]: Starting Uncomplicated firewall...
[    8.038466] systemd[1]: Mounted Huge Pages File System.
[    8.038618] systemd[1]: Mounted POSIX Message Queue File System.
[    8.038717] systemd[1]: Mounted Kernel Debug File System.
[    8.038813] systemd[1]: Mounted Kernel Trace File System.
[    8.039310] systemd[1]: Finished Availability of block devices.
[    8.072960] systemd[1]: Finished Create list of static device nodes for the current kernel.
[    8.077838] systemd[1]: Started Journal Service.
[    8.247918] kernel: EXT4-fs (sdb5): re-mounted. Opts: errors=remount-ro
[    8.645657] kernel: lp: driver loaded but no devices found
[    8.763070] kernel: ppdev: user-space parallel port driver
[   11.022853] kernel: input: HP Wireless hotkeys as /devices/virtual/input/input12
[   11.289107] kernel: hp_accel: laptop model unknown, using default axes configuration
[   11.308548] kernel: lis3lv02d: 8 bits 3DC sensor found
[   11.320721] kernel: input: ST LIS3LV02DL Accelerometer as /devices/platform/lis3lv02d/input/input13
[   11.439342] kernel: intel_rapl_common: Found RAPL domain package
[   11.439343] kernel: intel_rapl_common: Found RAPL domain dram
[   11.439410] kernel: proc_thermal 0000:00:04.0: Creating sysfs group for PROC_THERMAL_PCI
[   11.531363] kernel: input: HP WMI hotkeys as /devices/virtual/input/input14
[   11.746694] kernel: RAPL PMU: API unit is 2^-32 Joules, 4 fixed counters, 655360 ms ovfl timer
[   11.746695] kernel: RAPL PMU: hw unit of domain pp0-core 2^-14 Joules
[   11.746696] kernel: RAPL PMU: hw unit of domain package 2^-14 Joules
[   11.746696] kernel: RAPL PMU: hw unit of domain dram 2^-14 Joules
[   11.746696] kernel: RAPL PMU: hw unit of domain pp1-gpu 2^-14 Joules
[   11.757310] kernel: intel_rapl_common: Found RAPL domain package
[   11.757311] kernel: intel_rapl_common: Found RAPL domain core
[   11.757312] kernel: intel_rapl_common: Found RAPL domain uncore
[   11.757313] kernel: intel_rapl_common: Found RAPL domain dram
[   11.977144] kernel: mei_me 0000:00:16.0: enabling device (0000 -> 0002)
[   11.990114] kernel: IPMI message handler: version 39.2
[   12.054741] kernel: Bluetooth: Core ver 2.22
[   12.054765] kernel: NET: Registered protocol family 31
[   12.054766] kernel: Bluetooth: HCI device and connection manager initialized
[   12.054769] kernel: Bluetooth: HCI socket layer initialized
[   12.054770] kernel: Bluetooth: L2CAP socket layer initialized
[   12.054772] kernel: Bluetooth: SCO socket layer initialized
[   12.140768] kernel: ipmi device interface
[   12.151856] kernel: cfg80211: Loading compiled-in X.509 certificates for regulatory database
[   12.152133] kernel: cfg80211: Loaded X.509 cert 'sforshee: 00b28ddf47aef9cea7'
[   12.279231] kernel: mc: Linux media interface: v0.10
[   12.397387] kernel: usbcore: registered new interface driver btusb
[   12.411572] kernel: Bluetooth: hci0: read Intel version: 370810011003110e00
[   12.447761] kernel: videodev: Linux video capture interface: v2.00
[   12.620435] kernel: Intel(R) Wireless WiFi driver for Linux
[   12.620436] kernel: Copyright(c) 2003- 2015 Intel Corporation
[   12.793616] kernel: iwlwifi 0000:08:00.0: Found debug destination: EXTERNAL_DRAM
[   12.793618] kernel: iwlwifi 0000:08:00.0: Found debug configuration: 0
[   12.793822] kernel: iwlwifi 0000:08:00.0: loaded firmware version 29.1654887522.0 op_mode iwlmvm
[   12.887049] kernel: Bluetooth: hci0: Intel Bluetooth firmware file: intel/ibt-hw-37.8.10-fw-1.10.3.11.e.bseq
[   13.167564] kernel: Bluetooth: hci0: unexpected event for opcode 0xfc2f
[   13.184640] kernel: Bluetooth: hci0: Intel firmware patch completed and activated
[   13.239326] kernel: uvcvideo: Found UVC 1.00 device HP Wide Vision HD (04f2:b56d)
[   13.257925] kernel: uvcvideo 1-4:1.0: Entity type for entity Extension 4 was not initialized!
[   13.257926] kernel: uvcvideo 1-4:1.0: Entity type for entity Extension 3 was not initialized!
[   13.257927] kernel: uvcvideo 1-4:1.0: Entity type for entity Processing 2 was not initialized!
[   13.257928] kernel: uvcvideo 1-4:1.0: Entity type for entity Camera 1 was not initialized!
[   13.257990] kernel: input: HP Wide Vision HD: HP Wide Visi as /devices/pci0000:00/0000:00:14.0/usb1/1-4/1-4:1.0/input/input15
[   13.258303] kernel: usbcore: registered new interface driver uvcvideo
[   13.258304] kernel: USB Video Class driver (1.1.1)
[   13.265336] kernel: snd_hda_intel 0000:00:1f.3: bound 0000:00:02.0 (ops i915_audio_component_bind_ops [i915])
[   13.266385] kernel: snd_hda_intel 0000:01:00.1: Disabling MSI
[   13.266390] kernel: snd_hda_intel 0000:01:00.1: Handle vga_switcheroo audio client
[   13.367887] kernel: iwlwifi 0000:08:00.0: Detected Intel(R) Dual Band Wireless AC 7265, REV=0x210
[   13.376538] kernel: nvidia: loading out-of-tree module taints kernel.
[   13.376544] kernel: nvidia: module license 'NVIDIA' taints kernel.
[   13.376545] kernel: Disabling lock debugging due to kernel taint
[   13.381933] kernel: iwlwifi 0000:08:00.0: Applying debug destination EXTERNAL_DRAM
[   13.382373] kernel: nvidia: module verification failed: signature and/or required key missing - tainting kernel
[   13.382378] kernel: iwlwifi 0000:08:00.0: Allocated 0x00400000 bytes for firmware monitor.
[   13.391501] kernel: nvidia-nvlink: Nvlink Core is being initialized, major device number 236
[   13.392537] kernel: nvidia 0000:01:00.0: enabling device (0006 -> 0007)
[   13.396342] kernel: iwlwifi 0000:08:00.0: base HW address: c8:21:58:36:c5:0e
[   13.457487] kernel: ieee80211 phy0: Selected rate control algorithm 'iwl-mvm-rs'
[   13.458223] kernel: thermal thermal_zone5: failed to read out thermal zone (-61)
[   13.462763] kernel: iwlwifi 0000:08:00.0 wlo1: renamed from wlan0
[   13.492359] kernel: NVRM: loading NVIDIA UNIX x86_64 Kernel Module  440.100  Fri May 29 08:45:51 UTC 2020
[   13.501519] kernel: snd_hda_codec_realtek hdaudioC0D0: autoconfig for ALC295: line_outs=1 (0x14/0x0/0x0/0x0/0x0) type:speaker
[   13.501521] kernel: snd_hda_codec_realtek hdaudioC0D0:    speaker_outs=0 (0x0/0x0/0x0/0x0/0x0)
[   13.501522] kernel: snd_hda_codec_realtek hdaudioC0D0:    hp_outs=1 (0x21/0x0/0x0/0x0/0x0)
[   13.501523] kernel: snd_hda_codec_realtek hdaudioC0D0:    mono: mono_out=0x0
[   13.501523] kernel: snd_hda_codec_realtek hdaudioC0D0:    inputs:
[   13.501525] kernel: snd_hda_codec_realtek hdaudioC0D0:      Mic=0x19
[   13.501526] kernel: snd_hda_codec_realtek hdaudioC0D0:      Internal Mic=0x12
[   13.596718] kernel: nvidia-modeset: Loading NVIDIA Kernel Mode Setting Driver for UNIX platforms  440.100  Fri May 29 08:14:04 UTC 2020
[   13.623069] kernel: [drm] [nvidia-drm] [GPU ID 0x00000100] Loading driver
[   13.623070] kernel: [drm] Initialized nvidia-drm 0.0.0 20160202 for 0000:01:00.0 on minor 1
[   13.764615] kernel: input: HDA Intel PCH Mic as /devices/pci0000:00/0000:00:1f.3/sound/card0/input16
[   13.764673] kernel: input: HDA Intel PCH Headphone as /devices/pci0000:00/0000:00:1f.3/sound/card0/input17
[   13.764726] kernel: input: HDA Intel PCH HDMI/DP,pcm=3 as /devices/pci0000:00/0000:00:1f.3/sound/card0/input18
[   13.764770] kernel: input: HDA Intel PCH HDMI/DP,pcm=7 as /devices/pci0000:00/0000:00:1f.3/sound/card0/input19
[   13.764822] kernel: input: HDA Intel PCH HDMI/DP,pcm=8 as /devices/pci0000:00/0000:00:1f.3/sound/card0/input20
[   13.764950] kernel: input: HDA Intel PCH HDMI/DP,pcm=9 as /devices/pci0000:00/0000:00:1f.3/sound/card0/input21
[   13.765033] kernel: input: HDA Intel PCH HDMI/DP,pcm=10 as /devices/pci0000:00/0000:00:1f.3/sound/card0/input22
[   13.773676] kernel: nvidia-uvm: Loaded the UVM driver, major device number 234.
[   13.945436] kernel: input: HDA NVidia HDMI/DP,pcm=3 as /devices/pci0000:00/0000:00:01.0/0000:01:00.1/sound/card1/input23
[   14.400735] kernel: Adding 3906556k swap on /dev/sdb4.  Priority:-2 extents:1 across:3906556k FS
[   14.993018] kernel: EXT4-fs (sdb3): mounted filesystem with ordered data mode. Opts: (null)
[   16.235651] kernel: audit: type=1400 audit(1600071809.662:2): apparmor="STATUS" operation="profile_load" profile="unconfined" name="libreoffice-xpdfimport" pid=717 comm="apparmor_parser"
[   16.235866] kernel: audit: type=1400 audit(1600071809.662:3): apparmor="STATUS" operation="profile_load" profile="unconfined" name="libreoffice-senddoc" pid=716 comm="apparmor_parser"
[   16.249885] kernel: audit: type=1400 audit(1600071809.678:4): apparmor="STATUS" operation="profile_load" profile="unconfined" name="/usr/bin/man" pid=715 comm="apparmor_parser"
[   16.249888] kernel: audit: type=1400 audit(1600071809.678:5): apparmor="STATUS" operation="profile_load" profile="unconfined" name="man_filter" pid=715 comm="apparmor_parser"
[   16.249889] kernel: audit: type=1400 audit(1600071809.678:6): apparmor="STATUS" operation="profile_load" profile="unconfined" name="man_groff" pid=715 comm="apparmor_parser"
[   16.394001] kernel: audit: type=1400 audit(1600071809.822:7): apparmor="STATUS" operation="profile_load" profile="unconfined" name="/usr/sbin/cups-browsed" pid=719 comm="apparmor_parser"
